Component: ARM Compiler 5.06 update 7 (build 960) Tool: armlink [4d3601]

==============================================================================

Section Cross References

    startup_stm32f407xx.o(STACK) refers (Special) to heapauxi.o(.text) for __use_two_region_memory
    startup_stm32f407xx.o(HEAP) refers (Special) to heapauxi.o(.text) for __use_two_region_memory
    startup_stm32f407xx.o(RESET) refers (Special) to heapauxi.o(.text) for __use_two_region_memory
    startup_stm32f407xx.o(RESET) refers to startup_stm32f407xx.o(STACK) for __initial_sp
    startup_stm32f407xx.o(RESET) refers to startup_stm32f407xx.o(.text) for Reset_Handler
    startup_stm32f407xx.o(RESET) refers to stm32f4xx_it.o(i.NMI_Handler) for NMI_Handler
    startup_stm32f407xx.o(RESET) refers to stm32f4xx_it.o(i.HardFault_Handler) for HardFault_Handler
    startup_stm32f407xx.o(RESET) refers to stm32f4xx_it.o(i.MemManage_Handler) for MemManage_Handler
    startup_stm32f407xx.o(RESET) refers to stm32f4xx_it.o(i.BusFault_Handler) for BusFault_Handler
    startup_stm32f407xx.o(RESET) refers to stm32f4xx_it.o(i.UsageFault_Handler) for UsageFault_Handler
    startup_stm32f407xx.o(RESET) refers to port.o(.emb_text) for SVC_Handler
    startup_stm32f407xx.o(RESET) refers to stm32f4xx_it.o(i.DebugMon_Handler) for DebugMon_Handler
    startup_stm32f407xx.o(RESET) refers to port.o(i.SysTick_Handler) for SysTick_Handler
    startup_stm32f407xx.o(RESET) refers to stm32f4xx_it.o(i.DMA1_Stream1_IRQHandler) for DMA1_Stream1_IRQHandler
    startup_stm32f407xx.o(RESET) refers to stm32f4xx_it.o(i.CAN1_RX0_IRQHandler) for CAN1_RX0_IRQHandler
    startup_stm32f407xx.o(RESET) refers to stm32f4xx_it.o(i.TIM2_IRQHandler) for TIM2_IRQHandler
    startup_stm32f407xx.o(RESET) refers to remote_control.o(i.USART3_IRQHandler) for USART3_IRQHandler
    startup_stm32f407xx.o(RESET) refers to stm32f4xx_it.o(i.DMA2_Stream1_IRQHandler) for DMA2_Stream1_IRQHandler
    startup_stm32f407xx.o(RESET) refers to stm32f4xx_it.o(i.DMA2_Stream6_IRQHandler) for DMA2_Stream6_IRQHandler
    startup_stm32f407xx.o(RESET) refers to referee_usart_task.o(i.USART6_IRQHandler) for USART6_IRQHandler
    startup_stm32f407xx.o(.text) refers (Special) to heapauxi.o(.text) for __use_two_region_memory
    startup_stm32f407xx.o(.text) refers to system_stm32f4xx.o(i.SystemInit) for SystemInit
    startup_stm32f407xx.o(.text) refers to __main.o(!!!main) for __main
    startup_stm32f407xx.o(.text) refers to startup_stm32f407xx.o(HEAP) for Heap_Mem
    startup_stm32f407xx.o(.text) refers to startup_stm32f407xx.o(STACK) for Stack_Mem
    main.o(i.HAL_TIM_PeriodElapsedCallback) refers to stm32f4xx_hal.o(i.HAL_IncTick) for HAL_IncTick
    main.o(i.SystemClock_Config) refers to rt_memclr_w.o(.text) for __aeabi_memclr4
    main.o(i.SystemClock_Config) refers to stm32f4xx_hal_rcc.o(i.HAL_RCC_OscConfig) for HAL_RCC_OscConfig
    main.o(i.SystemClock_Config) refers to stm32f4xx_hal_rcc.o(i.HAL_RCC_ClockConfig) for HAL_RCC_ClockConfig
    main.o(i.main) refers to stm32f4xx_hal.o(i.HAL_Init) for HAL_Init
    main.o(i.main) refers to main.o(i.SystemClock_Config) for SystemClock_Config
    main.o(i.main) refers to gpio.o(i.MX_GPIO_Init) for MX_GPIO_Init
    main.o(i.main) refers to dma.o(i.MX_DMA_Init) for MX_DMA_Init
    main.o(i.main) refers to usart.o(i.MX_USART3_UART_Init) for MX_USART3_UART_Init
    main.o(i.main) refers to can.o(i.MX_CAN1_Init) for MX_CAN1_Init
    main.o(i.main) refers to tim.o(i.MX_TIM1_Init) for MX_TIM1_Init
    main.o(i.main) refers to tim.o(i.MX_TIM8_Init) for MX_TIM8_Init
    main.o(i.main) refers to spi.o(i.MX_SPI2_Init) for MX_SPI2_Init
    main.o(i.main) refers to usart.o(i.MX_USART6_UART_Init) for MX_USART6_UART_Init
    main.o(i.main) refers to remote_control.o(i.remote_control_init) for remote_control_init
    main.o(i.main) refers to bsp_can.o(i.can_filter_init) for can_filter_init
    main.o(i.main) refers to user_pid.o(i.user_pid_Init) for user_pid_Init
    main.o(i.main) refers to oled.o(i.OLED_Init) for OLED_Init
    main.o(i.main) refers to freertos.o(i.MX_FREERTOS_Init) for MX_FREERTOS_Init
    main.o(i.main) refers to cmsis_os.o(i.osKernelStart) for osKernelStart
    gpio.o(i.MX_GPIO_Init) refers to rt_memclr_w.o(.text) for __aeabi_memclr4
    gpio.o(i.MX_GPIO_Init) refers to stm32f4xx_hal_gpio.o(i.HAL_GPIO_WritePin) for HAL_GPIO_WritePin
    gpio.o(i.MX_GPIO_Init) refers to stm32f4xx_hal_gpio.o(i.HAL_GPIO_Init) for HAL_GPIO_Init
    freertos.o(i.MX_FREERTOS_Init) refers to rt_memcpy_w.o(.text) for __aeabi_memcpy4
    freertos.o(i.MX_FREERTOS_Init) refers to cmsis_os.o(i.osThreadCreate) for osThreadCreate
    freertos.o(i.MX_FREERTOS_Init) refers to freertos.o(.constdata) for .constdata
    freertos.o(i.MX_FREERTOS_Init) refers to freertos.o(.data) for .data
    freertos.o(i.StartDefaultTask) refers to cmsis_os.o(i.osDelay) for osDelay
    freertos.o(i.vApplicationGetIdleTaskMemory) refers to freertos.o(.bss) for .bss
[...]
    __main                                   0x08000189   Thumb Code     8  __main.o(!!!main)
    __scatterload                            0x08000191   Thumb Code     0  __scatter.o(!!!scatter)
    __scatterload_rt2                        0x08000191   Thumb Code    44  __scatter.o(!!!scatter)
    __scatterload_rt2_thumb_only             0x08000191   Thumb Code     0  __scatter.o(!!!scatter)
    __scatterload_null                       0x0800019f   Thumb Code     0  __scatter.o(!!!scatter)
    __decompress                             0x080001c5   Thumb Code    90  __dczerorl2.o(!!dczerorl2)
    __decompress1                            0x080001c5   Thumb Code     0  __dczerorl2.o(!!dczerorl2)
    __scatterload_zeroinit                   0x08000221   Thumb Code    28  __scatter_zi.o(!!handler_zi)
    _printf_f                                0x0800023d   Thumb Code     0  _printf_f.o(.ARM.Collect$$_printf_percent$$00000003)
    _printf_percent                          0x0800023d   Thumb Code     0  _printf_percent.o(.ARM.Collect$$_printf_percent$$00000000)
    _printf_percent_end                      0x08000243   Thumb Code     0  _printf_percent_end.o(.ARM.Collect$$_printf_percent$$00000017)
    __rt_lib_init                            0x08000247   Thumb Code     0  libinit.o(.ARM.Collect$$libinit$$00000000)
    __rt_lib_init_fp_1                       0x08000249   Thumb Code     0  libinit2.o(.ARM.Collect$$libinit$$00000001)
    __rt_lib_init_heap_1                     0x0800024d   Thumb Code     0  libinit2.o(.ARM.Collect$$libinit$$0000000A)
    __rt_lib_init_lc_common                  0x0800024d   Thumb Code     0  libinit2.o(.ARM.Collect$$libinit$$0000000F)
    __rt_lib_init_preinit_1                  0x0800024d   Thumb Code     0  libinit2.o(.ARM.Collect$$libinit$$00000004)
    __rt_lib_init_rand_1                     0x0800024d   Thumb Code     0  libinit2.o(.ARM.Collect$$libinit$$0000000E)
    __rt_lib_init_user_alloc_1               0x0800024d   Thumb Code     0  libinit2.o(.ARM.Collect$$libinit$$0000000C)
    __rt_lib_init_lc_collate_1               0x08000253   Thumb Code     0  libinit2.o(.ARM.Collect$$libinit$$00000011)
    __rt_lib_init_lc_ctype_1                 0x08000253   Thumb Code     0  libinit2.o(.ARM.Collect$$libinit$$00000013)
    __rt_lib_init_lc_monetary_1              0x08000253   Thumb Code     0  libinit2.o(.ARM.Collect$$libinit$$00000015)
    __rt_lib_init_lc_numeric_2               0x08000253   Thumb Code     0  libinit2.o(.ARM.Collect$$libinit$$00000016)
    __rt_lib_init_alloca_1                   0x0800025d   Thumb Code     0  libinit2.o(.ARM.Collect$$libinit$$0000002E)
    __rt_lib_init_argv_1                     0x0800025d   Thumb Code     0  libinit2.o(.ARM.Collect$$libinit$$0000002C)
    __rt_lib_init_atexit_1                   0x0800025d   Thumb Code     0  libinit2.o(.ARM.Collect$$libinit$$0000001B)
    __rt_lib_init_clock_1                    0x0800025d   Thumb Code     0  libinit2.o(.ARM.Collect$$libinit$$00000021)
    __rt_lib_init_cpp_1                      0x0800025d   Thumb Code     0  libinit2.o(.ARM.Collect$$libinit$$00000032)
    __rt_lib_init_exceptions_1               0x0800025d   Thumb Code     0  libinit2.o(.ARM.Collect$$libinit$$00000030)
    __rt_lib_init_fp_trap_1                  0x0800025d   Thumb Code     0  libinit2.o(.ARM.Collect$$libinit$$0000001F)
    __rt_lib_init_getenv_1                   0x0800025d   Thumb Code     0  libinit2.o(.ARM.Collect$$libinit$$00000023)
    __rt_lib_init_lc_numeric_1               0x0800025d   Thumb Code     0  libinit2.o(.ARM.Collect$$libinit$$00000017)
    __rt_lib_init_lc_time_1                  0x0800025d   Thumb Code     0  libinit2.o(.ARM.Collect$$libinit$$00000019)
    __rt_lib_init_return                     0x0800025d   Thumb Code     0  libinit2.o(.ARM.Collect$$libinit$$00000033)
    __rt_lib_init_signal_1                   0x0800025d   Thumb Code     0  libinit2.o(.ARM.Collect$$libinit$$0000001D)
    __rt_lib_init_stdio_1                    0x0800025d   Thumb Code     0  libinit2.o(.ARM.Collect$$libinit$$00000025)
    __rt_lib_shutdown                        0x0800025f   Thumb Code     0  libshutdown.o(.ARM.Collect$$libshutdown$$00000000)
    __rt_lib_shutdown_cpp_1                  0x08000261   Thumb Code     0  libshutdown2.o(.ARM.Collect$$libshutdown$$00000004)
    __rt_lib_shutdown_fini_1                 0x08000261   Thumb Code     0  libshutdown2.o(.ARM.Collect$$libshutdown$$00000002)
    __rt_lib_shutdown_fp_trap_1              0x08000261   Thumb Code     0  libshutdown2.o(.ARM.Collect$$libshutdown$$00000009)
    __rt_lib_shutdown_heap_1                 0x08000261   Thumb Code     0  libshutdown2.o(.ARM.Collect$$libshutdown$$00000011)
    __rt_lib_shutdown_return                 0x08000261   Thumb Code     0  libshutdown2.o(.ARM.Collect$$libshutdown$$00000012)
    __rt_lib_shutdown_signal_1               0x08000261   Thumb Code     0  libshutdown2.o(.ARM.Collect$$libshutdown$$0000000C)
    __rt_lib_shutdown_stdio_1                0x08000261   Thumb Code     0  libshutdown2.o(.ARM.Collect$$libshutdown$$00000006)
    __rt_lib_shutdown_user_alloc_1           0x08000261   Thumb Code     0  libshutdown2.o(.ARM.Collect$$libshutdown$$0000000E)
    __rt_entry                               0x08000263   Thumb Code     0  __rtentry.o(.ARM.Collect$$rtentry$$00000000)
    __rt_entry_presh_1                       0x08000263   Thumb Code     0  __rtentry2.o(.ARM.Collect$$rtentry$$00000002)
    __rt_entry_sh                            0x08000263   Thumb Code     0  __rtentry4.o(.ARM.Collect$$rtentry$$00000004)
    __rt_entry_li                            0x08000269   Thumb Code     0  __rtentry2.o(.ARM.Collect$$rtentry$$0000000A)
    __rt_entry_postsh_1                      0x08000269   Thumb Code     0  __rtentry2.o(.ARM.Collect$$rtentry$$00000009)
    __rt_entry_main                          0x0800026d   Thumb Code     0  __rtentry2.o(.ARM.Collect$$rtentry$$0000000D)
    __rt_entry_postli_1                      0x0800026d   Thumb Code     0  __rtentry2.o(.ARM.Collect$$rtentry$$0000000C)
    __rt_exit                                0x08000275   Thumb Code     0  rtexit.o(.ARM.Collect$$rtexit$$00000000)
    __rt_exit_ls                             0x08000277   Thumb Code     0  rtexit2.o(.ARM.Collect$$rtexit$$00000003)
    __rt_exit_prels_1                        0x08000277   Thumb Code     0  rtexit2.o(.ARM.Collect$$rtexit$$00000002)
    __rt_exit_exit                           0x0800027b   Thumb Code     0  rtexit2.o(.ARM.Collect$$rtexit$$00000004)
    SVC_Handler                              0x08000281   Thumb Code    28  port.o(.emb_text)
    __asm___6_port_c_39a90d8d__prvStartFirstTask 0x080002a1   Thumb Code    36  port.o(.emb_text)
    __asm___6_port_c_39a90d8d__prvEnableVFP  0x080002c9   Thumb Code    16  port.o(.emb_text)
    PendSV_Handler                           0x080002dd   Thumb Code    88  port.o(.emb_text)
    vPortGetIPSR                             0x08000339   Thumb Code     6  port.o(.emb_text)
    Reset_Handler                            0x08000341   Thumb Code     8  startup_stm32f407xx.o(.text)
    ADC_IRQHandler                           0x0800035b   Thumb Code     0  startup_stm32f407xx.o(.text)
    CAN1_RX1_IRQHandler                      0x0800035b   Thumb Code     0  startup_stm32f407xx.o(.text)
    CAN1_SCE_IRQHandler                      0x0800035b   Thumb Code     0  startup_stm32f407xx.o(.text)
    CAN1_TX_IRQHandler                       0x0800035b   Thumb Code     0  startup_stm32f407xx.o(.text)
    CAN2_RX0_IRQHandler                      0x0800035b   Thumb Code     0  startup_stm32f407xx.o(.text)
    CAN2_RX1_IRQHandler                      0x0800035b   Thumb Code     0  startup_stm32f407xx.o(.text)
    CAN2_SCE_IRQHandler                      0x0800035b   Thumb Code     0  startup_stm32f407xx.o(.text)
    CAN2_TX_IRQHandler                       0x0800035b   Thumb Code     0  startup_stm32f407xx.o(.text)
    DCMI_IRQHandler                          0x0800035b   Thumb Code     0  startup_stm32f407xx.o(.text)
    DMA1_Stream0_IRQHandler                  0x0800035b   Thumb Code     0  startup_stm32f407xx.o(.text)
    DMA1_Stream2_IRQHandler                  0x0800035b   Thumb Code     0  startup_stm32f407xx.o(.text)
    DMA1_Stream3_IRQHandler                  0x0800035b   Thumb Code     0  startup_stm32f407xx.o(.text)
    DMA1_Stream4_IRQHandler                  0x0800035b   Thumb Code     0  startup_stm32f407xx.o(.text)
    DMA1_Stream5_IRQHandler                  0x0800035b   Thumb Code     0  startup_stm32f407xx.o(.text)
    DMA1_Stream6_IRQHandler                  0x0800035b   Thumb Code     0  startup_stm32f407xx.o(.text)
    DMA1_Stream7_IRQHandler                  0x0800035b   Thumb Code     0  startup_stm32f407xx.o(.text)
    DMA2_Stream0_IRQHandler                  0x0800035b   Thumb Code     0  startup_stm32f407xx.o(.text)
    DMA2_Stream2_IRQHandler                  0x0800035b   Thumb Code     0  startup_stm32f407xx.o(.text)
    DMA2_Stream3_IRQHandler                  0x0800035b   Thumb Code     0  startup_stm32f407xx.o(.text)
    DMA2_Stream4_IRQHandler                  0x0800035b   Thumb Code     0  startup_stm32f407xx.o(.text)
    DMA2_Stream5_IRQHandler                  0x0800035b   Thumb Code     0  startup_stm32f407xx.o(.text)
    DMA2_Stream7_IRQHandler                  0x0800035b   Thumb Code     0  startup_stm32f407xx.o(.text)
    ETH_IRQHandler                           0x0800035b   Thumb Code     0  startup_stm32f407xx.o(.text)
    ETH_WKUP_IRQHandler                      0x0800035b   Thumb Code     0  startup_stm32f407xx.o(.text)
    EXTI0_IRQHandler                         0x0800035b   Thumb Code     0  startup_stm32f407xx.o(.text)
    EXTI15_10_IRQHandler                     0x0800035b   Thumb Code     0  startup_stm32f407xx.o(.text)
    EXTI1_IRQHandler                         0x0800035b   Thumb Code     0  startup_stm32f407xx.o(.text)
    EXTI2_IRQHandler                         0x0800035b   Thumb Code     0  startup_stm32f407xx.o(.text)
    EXTI3_IRQHandler                         0x0800035b   Thumb Code     0  startup_stm32f407xx.o(.text)
    EXTI4_IRQHandler                         0x0800035b   Thumb Code     0  startup_stm32f407xx.o(.text)
    EXTI9_5_IRQHandler                       0x0800035b   Thumb Code     0  startup_stm32f407xx.o(.text)
    FLASH_IRQHandler                         0x0800035b   Thumb Code     0  startup_stm32f407xx.o(.text)
    FMC_IRQHandler                           0x0800035b   Thumb Code     0  startup_stm32f407xx.o(.text)
    FPU_IRQHandler                           0x0800035b   Thumb Code     0  startup_stm32f407xx.o(.text)
    HASH_RNG_IRQHandler                      0x0800035b   Thumb Code     0  startup_stm32f407xx.o(.text)
    I2C1_ER_IRQHandler                       0x0800035b   Thumb Code     0  startup_stm32f407xx.o(.text)
    I2C1_EV_IRQHandler                       0x0800035b   Thumb Code     0  startup_stm32f407xx.o(.text)
    I2C2_ER_IRQHandler                       0x0800035b   Thumb Code     0  startup_stm32f407xx.o(.text)
    I2C2_EV_IRQHandler                       0x0800035b   Thumb Code     0  startup_stm32f407xx.o(.text)
    I2C3_ER_IRQHandler                       0x0800035b   Thumb Code     0  startup_stm32f407xx.o(.text)
    I2C3_EV_IRQHandler                       0x0800035b   Thumb Code     0  startup_stm32f407xx.o(.text)
    OTG_FS_IRQHandler                        0x0800035b   Thumb Code     0  startup_stm32f407xx.o(.text)
    OTG_FS_WKUP_IRQHandler                   0x0800035b   Thumb Code     0  startup_stm32f407xx.o(.text)
    OTG_HS_EP1_IN_IRQHandler                 0x0800035b   Thumb Code     0  startup_stm32f407xx.o(.text)
    OTG_HS_EP1_OUT_IRQHandler                0x0800035b   Thumb Code     0  startup_stm32f407xx.o(.text)
    OTG_HS_IRQHandler                        0x0800035b   Thumb Code     0  startup_stm32f407xx.o(.text)
    OTG_HS_WKUP_IRQHandler                   0x0800035b   Thumb Code     0  startup_stm32f407xx.o(.text)
    PVD_IRQHandler                           0x0800035b   Thumb Code     0  startup_stm32f407xx.o(.text)
    RCC_IRQHandler                           0x0800035b   Thumb Code     0  startup_stm32f407xx.o(.text)
    RTC_Alarm_IRQHandler                     0x0800035b   Thumb Code     0  startup_stm32f407xx.o(.text)
    RTC_WKUP_IRQHandler                      0x0800035b   Thumb Code     0  startup_stm32f407xx.o(.text)
    SDIO_IRQHandler                          0x0800035b   Thumb Code     0  startup_stm32f407xx.o(.text)
    SPI1_IRQHandler                          0x0800035b   Thumb Code     0  startup_stm32f407xx.o(.text)
    SPI2_IRQHandler                          0x0800035b   Thumb Code     0  startup_stm32f407xx.o(.text)
    SPI3_IRQHandler                          0x0800035b   Thumb Code     0  startup_stm32f407xx.o(.text)
    TAMP_STAMP_IRQHandler                    0x0800035b   Thumb Code     0  startup_stm32f407xx.o(.text)
    TIM1_BRK_TIM9_IRQHandler                 0x0800035b   Thumb Code     0  startup_stm32f407xx.o(.text)
    TIM1_CC_IRQHandler                       0x0800035b   Thumb Code     0  startup_stm32f407xx.o(.text)
    TIM1_TRG_COM_TIM11_IRQHandler            0x0800035b   Thumb Code     0  startup_stm32f407xx.o(.text)
    TIM1_UP_TIM10_IRQHandler                 0x0800035b   Thumb Code     0  startup_stm32f407xx.o(.text)
    TIM3_IRQHandler                          0x0800035b   Thumb Code     0  startup_stm32f407xx.o(.text)
    TIM4_IRQHandler                          0x0800035b   Thumb Code     0  startup_stm32f407xx.o(.text)
    TIM5_IRQHandler                          0x0800035b   Thumb Code     0  startup_stm32f407xx.o(.text)
    TIM6_DAC_IRQHandler                      0x0800035b   Thumb Code     0  startup_stm32f407xx.o(.text)
    TIM7_IRQHandler                          0x0800035b   Thumb Code     0  startup_stm32f407xx.o(.text)
    TIM8_BRK_TIM12_IRQHandler                0x0800035b   Thumb Code     0  startup_stm32f407xx.o(.text)
    TIM8_CC_IRQHandler                       0x0800035b   Thumb Code     0  startup_stm32f407xx.o(.text)
    TIM8_TRG_COM_TIM14_IRQHandler            0x0800035b   Thumb Code     0  startup_stm32f407xx.o(.text)
    TIM8_UP_TIM13_IRQHandler                 0x0800035b   Thumb Code     0  startup_stm32f407xx.o(.text)
    UART4_IRQHandler                         0x0800035b   Thumb Code     0  startup_stm32f407xx.o(.text)
    UART5_IRQHandler                         0x0800035b   Thumb Code     0  startup_stm32f407xx.o(.text)
    USART1_IRQHandler                        0x0800035b   Thumb Code     0  startup_stm32f407xx.o(.text)
    USART2_IRQHandler                        0x0800035b   Thumb Code     0  startup_stm32f407xx.o(.text)
    WWDG_IRQHandler                          0x0800035b   Thumb Code     0  startup_stm32f407xx.o(.text)
    __user_initial_stackheap                 0x0800035d   Thumb Code     0  startup_stm32f407xx.o(.text)
    __aeabi_uldivmod                         0x08000381   Thumb Code     0  lludivv7m.o(.text)
    _ll_udiv                                 0x08000381   Thumb Code   238  lludivv7m.o(.text)
    __2sprintf                               0x08000471   Thumb Code    34  noretval__2sprintf.o(.text)
    __printf                                 0x08000499   Thumb Code   270  __printf_wp.o(.text)
    __aeabi_memcpy                           0x080005a7   Thumb Code     0  rt_memcpy_v6.o(.text)
    __rt_memcpy                              0x080005a7   Thumb Code   138  rt_memcpy_v6.o(.text)
    _memcpy_lastbytes                        0x0800060d   Thumb Code     0  rt_memcpy_v6.o(.text)
    __aeabi_memcpy4                          0x08000631   Thumb Code     0  rt_memcpy_w.o(.text)
    __aeabi_memcpy8                          0x08000631   Thumb Code     0  rt_memcpy_w.o(.text)
    __rt_memcpy_w                            0x08000631   Thumb Code   100  rt_memcpy_w.o(.text)
    _memcpy_lastbytes_aligned                0x08000679   Thumb Code     0  rt_memcpy_w.o(.text)
    __aeabi_memclr                           0x08000695   Thumb Code     0  rt_memclr.o(.text)
    __rt_memclr                              0x08000695   Thumb Code    68  rt_memclr.o(.text)
    _memset                                  0x08000699   Thumb Code     0  rt_memclr.o(.text)
    __aeabi_memclr4                          0x080006d9   Thumb Code     0  rt_memclr_w.o(.text)
    __aeabi_memclr8                          0x080006d9   Thumb Code     0  rt_memclr_w.o(.text)
    __rt_memclr_w                            0x080006d9   Thumb Code    78  rt_memclr_w.o(.text)
    _memset_w                                0x080006dd   Thumb Code     0  rt_memclr_w.o(.text)
    __use_two_region_memory                  0x08000727   Thumb Code     2  heapauxi.o(.text)
    __rt_heap_escrow                         0x08000729   Thumb Code     2  heapauxi.o(.text)
    __rt_heap_expand                         0x0800072b   Thumb Code     2  heapauxi.o(.text)
    __lib_sel_fp_printf                      0x0800072d   Thumb Code     2  _printf_fp_dec.o(.text)
    _printf_fp_dec_real                      0x080008df   Thumb Code   620  _printf_fp_dec.o(.text)
    _printf_char_common                      0x08000b57   Thumb Code    32  _printf_char_common.o(.text)
    _sputc                                   0x08000b7d   Thumb Code    10  _sputc.o(.text)
    __user_libspace                          0x08000b89   Thumb Code     8  libspace.o(.text)
    __user_perproc_libspace                  0x08000b89   Thumb Code     0  libspace.o(.text)
    __user_perthread_libspace                0x08000b89   Thumb Code     0  libspace.o(.text)
    __rt_locale                              0x08000b91   Thumb Code     8  rt_locale_intlibspace.o(.text)
    _ll_udiv10                               0x08000b99   Thumb Code   138  lludiv10.o(.text)
    _printf_fp_infnan                        0x08000c25   Thumb Code   112  _printf_fp_infnan.o(.text)
    _btod_etento                             0x08000ca5   Thumb Code   224  bigflt0.o(.text)
    __I$use$semihosting                      0x08000d89   Thumb Code     0  use_no_semi.o(.text)
    __use_no_semihosting_swi                 0x08000d89   Thumb Code     2  use_no_semi.o(.text)
    __semihosting_library_function           0x08000d8b   Thumb Code     0  indicate_semi.o(.text)
    __user_setup_stackheap                   0x08000d8b   Thumb Code    74  sys_stackheap_outer.o(.text)
    exit                                     0x08000dd5   Thumb Code    18  exit.o(.text)
    strcmp                                   0x08000de9   Thumb Code   128  strcmpv7m.o(.text)
    _sys_exit                                0x08000e69   Thumb Code     8  sys_exit.o(.text)
    _btod_d2e                                0x08000e75   Thumb Code    62  btod.o(CL$$btod_d2e)
    _d2e_denorm_low                          0x08000eb3   Thumb Code    70  btod.o(CL$$btod_d2e_denorm_low)
    _d2e_norm_op1                            0x08000ef9   Thumb Code    96  btod.o(CL$$btod_d2e_norm_op1)
    __btod_div_common                        0x08000f59   Thumb Code   696  btod.o(CL$$btod_div_common)
    _e2e                                     0x08001291   Thumb Code   220  btod.o(CL$$btod_e2e)
    _btod_ediv                               0x0800136d   Thumb Code    42  btod.o(CL$$btod_ediv)
    _btod_emul                               0x08001397   Thumb Code    42  btod.o(CL$$btod_emul)
    __btod_mult_common                       0x080013c1   Thumb Code   580  btod.o(CL$$btod_mult_common)
    BusFault_Handler                         0x08001605   Thumb Code     2  stm32f4xx_it.o(i.BusFault_Handler)
    CAN1_RX0_IRQHandler                      0x08001609   Thumb Code     6  stm32f4xx_it.o(i.CAN1_RX0_IRQHandler)
    CAN_cmd_Torpedo                          0x08001615   Thumb Code    54  can_receive.o(i.CAN_cmd_Torpedo)
    Command_send                             0x08001659   Thumb Code   226  bsp_referee_sent.o(i.Command_send)
    DMA1_Stream1_IRQHandler                  0x08001749   Thumb Code     6  stm32f4xx_it.o(i.DMA1_Stream1_IRQHandler)
    DMA2_Stream1_IRQHandler                  0x08001755   Thumb Code     6  stm32f4xx_it.o(i.DMA2_Stream1_IRQHandler)
    DMA2_Stream6_IRQHandler                  0x08001761   Thumb Code     6  stm32f4xx_it.o(i.DMA2_Stream6_IRQHandler)
    DebugMon_Handler                         0x080017e9   Thumb Code     2  stm32f4xx_it.o(i.DebugMon_Handler)
    Error_Handler                            0x080017eb   Thumb Code     4  main.o(i.Error_Handler)
    Get_CRC16_Check_Sum_UI                   0x080017f1   Thumb Code    38  bsp_referee_sent.o(i.Get_CRC16_Check_Sum_UI)
    Get_CRC8_Check_Sum_UI                    0x0800181d   Thumb Code    24  bsp_referee_sent.o(i.Get_CRC8_Check_Sum_UI)
    HAL_CAN_ActivateNotification             0x08001839   Thumb Code    36  stm32f4xx_hal_can.o(i.HAL_CAN_ActivateNotification)
    HAL_CAN_AddTxMessage                     0x0800185d   Thumb Code   220  stm32f4xx_hal_can.o(i.HAL_CAN_AddTxMessage)
    HAL_CAN_ConfigFilter                     0x08001939   Thumb Code   262  stm32f4xx_hal_can.o(i.HAL_CAN_ConfigFilter)
    HAL_CAN_ErrorCallback                    0x08001a45   Thumb Code     2  stm32f4xx_hal_can.o(i.HAL_CAN_ErrorCallback)
    HAL_CAN_GetRxMessage                     0x08001a47   Thumb Code   232  stm32f4xx_hal_can.o(i.HAL_CAN_GetRxMessage)
    HAL_CAN_IRQHandler                       0x08001b2f   Thumb Code   508  stm32f4xx_hal_can.o(i.HAL_CAN_IRQHandler)
    HAL_CAN_Init                             0x08001d2b   Thumb Code   282  stm32f4xx_hal_can.o(i.HAL_CAN_Init)
    HAL_CAN_MspInit                          0x08001e45   Thumb Code   106  can.o(i.HAL_CAN_MspInit)
    HAL_CAN_RxFifo0FullCallback              0x08001ebd   Thumb Code     2  stm32f4xx_hal_can.o(i.HAL_CAN_RxFifo0FullCallback)
    HAL_CAN_RxFifo0MsgPendingCallback        0x08001ec1   Thumb Code   182  can_receive.o(i.HAL_CAN_RxFifo0MsgPendingCallback)
    HAL_CAN_RxFifo1FullCallback              0x08001f81   Thumb Code     2  stm32f4xx_hal_can.o(i.HAL_CAN_RxFifo1FullCallback)
    HAL_CAN_RxFifo1MsgPendingCallback        0x08001f83   Thumb Code     2  stm32f4xx_hal_can.o(i.HAL_CAN_RxFifo1MsgPendingCallback)
    HAL_CAN_SleepCallback                    0x08001f85   Thumb Code     2  stm32f4xx_hal_can.o(i.HAL_CAN_SleepCallback)
    HAL_CAN_Start                            0x08001f89   Thumb Code    88  stm32f4xx_hal_can.o(i.HAL_CAN_Start)
    HAL_CAN_TxMailbox0AbortCallback          0x08001fe1   Thumb Code     2  stm32f4xx_hal_can.o(i.HAL_CAN_TxMailbox0AbortCallback)
    HAL_CAN_TxMailbox0CompleteCallback       0x08001fe3   Thumb Code     2  stm32f4xx_hal_can.o(i.HAL_CAN_TxMailbox0CompleteCallback)
    HAL_CAN_TxMailbox1AbortCallback          0x08001fe5   Thumb Code     2  stm32f4xx_hal_can.o(i.HAL_CAN_TxMailbox1AbortCallback)
    HAL_CAN_TxMailbox1CompleteCallback       0x08001fe7   Thumb Code     2  stm32f4xx_hal_can.o(i.HAL_CAN_TxMailbox1CompleteCallback)
    HAL_CAN_TxMailbox2AbortCallback          0x08001fe9   Thumb Code     2  stm32f4xx_hal_can.o(i.HAL_CAN_TxMailbox2AbortCallback)
    HAL_CAN_TxMailbox2CompleteCallback       0x08001feb   Thumb Code     2  stm32f4xx_hal_can.o(i.HAL_CAN_TxMailbox2CompleteCallback)
    HAL_CAN_WakeUpFromRxMsgCallback          0x08001fed   Thumb Code     2  stm32f4xx_hal_can.o(i.HAL_CAN_WakeUpFromRxMsgCallback)
    HAL_DMA_IRQHandler                       0x08001ff1   Thumb Code   412  stm32f4xx_hal_dma.o(i.HAL_DMA_IRQHandler)
    HAL_DMA_Init                             0x08002191   Thumb Code   206  stm32f4xx_hal_dma.o(i.HAL_DMA_Init)
    HAL_Delay                                0x08002265   Thumb Code    32  stm32f4xx_hal.o(i.HAL_Delay)
    HAL_GPIO_Init                            0x08002289   Thumb Code   450  stm32f4xx_hal_gpio.o(i.HAL_GPIO_Init)
    HAL_GPIO_ReadPin                         0x08002479   Thumb Code    10  stm32f4xx_hal_gpio.o(i.HAL_GPIO_ReadPin)
    HAL_GPIO_WritePin                        0x08002483   Thumb Code    10  stm32f4xx_hal_gpio.o(i.HAL_GPIO_WritePin)
    HAL_GetTick                              0x0800248d   Thumb Code     6  stm32f4xx_hal.o(i.HAL_GetTick)
    HAL_IncTick                              0x08002499   Thumb Code    12  stm32f4xx_hal.o(i.HAL_IncTick)
    HAL_Init                                 0x080024a9   Thumb Code    48  stm32f4xx_hal.o(i.HAL_Init)
    HAL_InitTick                             0x080024dd   Thumb Code   102  stm32f4xx_hal_timebase_tim.o(i.HAL_InitTick)
    HAL_MspInit                              0x08002551   Thumb Code    52  stm32f4xx_hal_msp.o(i.HAL_MspInit)
    HAL_NVIC_EnableIRQ                       0x08002589   Thumb Code    26  stm32f4xx_hal_cortex.o(i.HAL_NVIC_EnableIRQ)
    HAL_NVIC_SetPriority                     0x080025a5   Thumb Code    60  stm32f4xx_hal_cortex.o(i.HAL_NVIC_SetPriority)
    HAL_NVIC_SetPriorityGrouping             0x080025e5   Thumb Code    26  stm32f4xx_hal_cortex.o(i.HAL_NVIC_SetPriorityGrouping)
    HAL_RCC_ClockConfig                      0x08002609   Thumb Code   288  stm32f4xx_hal_rcc.o(i.HAL_RCC_ClockConfig)
    HAL_RCC_GetClockConfig                   0x0800273d   Thumb Code    54  stm32f4xx_hal_rcc.o(i.HAL_RCC_GetClockConfig)
    HAL_RCC_GetPCLK1Freq                     0x0800277d   Thumb Code    20  stm32f4xx_hal_rcc.o(i.HAL_RCC_GetPCLK1Freq)
    HAL_RCC_GetPCLK2Freq                     0x0800279d   Thumb Code    20  stm32f4xx_hal_rcc.o(i.HAL_RCC_GetPCLK2Freq)
    HAL_RCC_GetSysClockFreq                  0x080027bd   Thumb Code    88  stm32f4xx_hal_rcc.o(i.HAL_RCC_GetSysClockFreq)
    HAL_RCC_OscConfig                        0x08002821   Thumb Code   856  stm32f4xx_hal_rcc.o(i.HAL_RCC_OscConfig)
    HAL_SPI_Init                             0x08002b8d   Thumb Code   188  stm32f4xx_hal_spi.o(i.HAL_SPI_Init)
    HAL_SPI_MspInit                          0x08002c49   Thumb Code    94  spi.o(i.HAL_SPI_MspInit)
    HAL_SPI_Transmit                         0x08002cb5   Thumb Code   358  stm32f4xx_hal_spi.o(i.HAL_SPI_Transmit)
    HAL_TIMEx_BreakCallback                  0x08002e1b   Thumb Code     2  stm32f4xx_hal_tim_ex.o(i.HAL_TIMEx_BreakCallback)
    HAL_TIMEx_CommutCallback                 0x08002e1d   Thumb Code     2  stm32f4xx_hal_tim_ex.o(i.HAL_TIMEx_CommutCallback)
    HAL_TIMEx_ConfigBreakDeadTime            0x08002e1f   Thumb Code    84  stm32f4xx_hal_tim_ex.o(i.HAL_TIMEx_ConfigBreakDeadTime)
    HAL_TIMEx_MasterConfigSynchronization    0x08002e75   Thumb Code   116  stm32f4xx_hal_tim_ex.o(i.HAL_TIMEx_MasterConfigSynchronization)
    HAL_TIM_Base_Init                        0x08002f05   Thumb Code    90  stm32f4xx_hal_tim.o(i.HAL_TIM_Base_Init)
    HAL_TIM_Base_MspInit                     0x08002f61   Thumb Code    52  tim.o(i.HAL_TIM_Base_MspInit)
    HAL_TIM_Base_Start_IT                    0x08002fa1   Thumb Code   100  stm32f4xx_hal_tim.o(i.HAL_TIM_Base_Start_IT)
    HAL_TIM_ConfigClockSource                0x08003021   Thumb Code   220  stm32f4xx_hal_tim.o(i.HAL_TIM_ConfigClockSource)
    HAL_TIM_IC_CaptureCallback               0x080030fd   Thumb Code     2  stm32f4xx_hal_tim.o(i.HAL_TIM_IC_CaptureCallback)
    HAL_TIM_IRQHandler                       0x080030ff   Thumb Code   358  stm32f4xx_hal_tim.o(i.HAL_TIM_IRQHandler)
    HAL_TIM_MspPostInit                      0x08003265   Thumb Code   112  tim.o(i.HAL_TIM_MspPostInit)
    HAL_TIM_OC_DelayElapsedCallback          0x080032e9   Thumb Code     2  stm32f4xx_hal_tim.o(i.HAL_TIM_OC_DelayElapsedCallback)
    HAL_TIM_PWM_ConfigChannel                0x080032eb   Thumb Code   204  stm32f4xx_hal_tim.o(i.HAL_TIM_PWM_ConfigChannel)
    HAL_TIM_PWM_Init                         0x080033b7   Thumb Code    90  stm32f4xx_hal_tim.o(i.HAL_TIM_PWM_Init)
    HAL_TIM_PWM_MspInit                      0x08003411   Thumb Code     2  stm32f4xx_hal_tim.o(i.HAL_TIM_PWM_MspInit)
    HAL_TIM_PWM_PulseFinishedCallback        0x08003413   Thumb Code     2  stm32f4xx_hal_tim.o(i.HAL_TIM_PWM_PulseFinishedCallback)
    HAL_TIM_PWM_Start                        0x08003415   Thumb Code   172  stm32f4xx_hal_tim.o(i.HAL_TIM_PWM_Start)
    HAL_TIM_PWM_Stop                         0x080034dd   Thumb Code   114  stm32f4xx_hal_tim.o(i.HAL_TIM_PWM_Stop)
    HAL_TIM_PeriodElapsedCallback            0x08003559   Thumb Code    14  main.o(i.HAL_TIM_PeriodElapsedCallback)
    HAL_TIM_TriggerCallback                  0x08003567   Thumb Code     2  stm32f4xx_hal_tim.o(i.HAL_TIM_TriggerCallback)
    HAL_UART_Init                            0x08003569   Thumb Code    98  stm32f4xx_hal_uart.o(i.HAL_UART_Init)
    HAL_UART_MspInit                         0x080035cd   Thumb Code   332  usart.o(i.HAL_UART_MspInit)
    HardFault_Handler                        0x08003739   Thumb Code     2  stm32f4xx_it.o(i.HardFault_Handler)
    MX_CAN1_Init                             0x0800373d   Thumb Code    60  can.o(i.MX_CAN1_Init)
    MX_DMA_Init                              0x08003781   Thumb Code    88  dma.o(i.MX_DMA_Init)
    MX_FREERTOS_Init                         0x080037dd   Thumb Code   140  freertos.o(i.MX_FREERTOS_Init)
    MX_GPIO_Init                             0x08003871   Thumb Code   312  gpio.o(i.MX_GPIO_Init)
    MX_SPI2_Init                             0x080039c1   Thumb Code    60  spi.o(i.MX_SPI2_Init)
    MX_TIM1_Init                             0x08003a05   Thumb Code   198  tim.o(i.MX_TIM1_Init)
    MX_TIM8_Init                             0x08003ad5   Thumb Code   198  tim.o(i.MX_TIM8_Init)
    MX_USART3_UART_Init                      0x08003ba5   Thumb Code    50  usart.o(i.MX_USART3_UART_Init)
    MX_USART6_UART_Init                      0x08003be5   Thumb Code    48  usart.o(i.MX_USART6_UART_Init)
    MemManage_Handler                        0x08003c1d   Thumb Code     2  stm32f4xx_it.o(i.MemManage_Handler)
    NMI_Handler                              0x08003c1f   Thumb Code     2  stm32f4xx_it.o(i.NMI_Handler)
    OLED_Clear                               0x08003c21   Thumb Code    40  oled.o(i.OLED_Clear)
    OLED_ClearPoint                          0x08003c4d   Thumb Code    28  oled.o(i.OLED_ClearPoint)
    OLED_DrawLine                            0x08003c6d   Thumb Code   142  oled.o(i.OLED_DrawLine)
    OLED_DrawPoint                           0x08003cfd   Thumb Code    24  oled.o(i.OLED_DrawPoint)
    OLED_Init                                0x08003d19   Thumb Code   410  oled.o(i.OLED_Init)
    OLED_Refresh                             0x08003ee5   Thumb Code    70  oled.o(i.OLED_Refresh)
    OLED_ShowChar                            0x08003f31   Thumb Code   160  oled.o(i.OLED_ShowChar)
    OLED_ShowFNum                            0x08003fdd   Thumb Code    48  oled.o(i.OLED_ShowFNum)
    OLED_ShowString                          0x08004019   Thumb Code    64  oled.o(i.OLED_ShowString)
    OLED_WR_Byte                             0x08004059   Thumb Code    78  oled.o(i.OLED_WR_Byte)
    PID_calc                                 0x080040b5   Thumb Code   336  pid.o(i.PID_calc)
    PID_init                                 0x08004209   Thumb Code    96  pid.o(i.PID_init)
    RC_init                                  0x0800426d   Thumb Code    84  bsp_rc.o(i.RC_init)
    StartDefaultTask                         0x080043dd   Thumb Code     8  freertos.o(i.StartDefaultTask)
    SysTick_Handler                          0x080043e5   Thumb Code    38  port.o(i.SysTick_Handler)
    SystemClock_Config                       0x08004411   Thumb Code   140  main.o(i.SystemClock_Config)
    SystemInit                               0x080044a5   Thumb Code    12  system_stm32f4xx.o(i.SystemInit)
    TIM2_IRQHandler                          0x080044b5   Thumb Code     6  stm32f4xx_it.o(i.TIM2_IRQHandler)
    TIM_Base_SetConfig                       0x080044c1   Thumb Code   156  stm32f4xx_hal_tim.o(i.TIM_Base_SetConfig)
    TIM_CCxChannelCmd                        0x08004589   Thumb Code    26  stm32f4xx_hal_tim.o(i.TIM_CCxChannelCmd)
    TIM_ETR_SetConfig                        0x080045a3   Thumb Code    20  stm32f4xx_hal_tim.o(i.TIM_ETR_SetConfig)
    TIM_Freq_Set                             0x080045b7   Thumb Code     8  bsp_stepmotor.o(i.TIM_Freq_Set)
    TIM_OC2_SetConfig                        0x08004631   Thumb Code    98  stm32f4xx_hal_tim.o(i.TIM_OC2_SetConfig)
    UI_SendByte                              0x080048a9   Thumb Code    22  bsp_referee_sent.o(i.UI_SendByte)
    USART3_IRQHandler                        0x080048c5   Thumb Code   156  remote_control.o(i.USART3_IRQHandler)
    USART6_IRQHandler                        0x08004979   Thumb Code   126  referee_usart_task.o(i.USART6_IRQHandler)
    UsageFault_Handler                       0x08004a0d   Thumb Code     2  stm32f4xx_it.o(i.UsageFault_Handler)
    __ARM_fpclassify                         0x08004a0f   Thumb Code    48  fpclassify.o(i.__ARM_fpclassify)
    _is_digit                                0x08004a5f   Thumb Code    14  __printf_wp.o(i._is_digit)
    can_filter_init                          0x08004a6d   Thumb Code    52  bsp_can.o(i.can_filter_init)
    fifo_s_get                               0x08004aa5   Thumb Code    44  fifo.o(i.fifo_s_get)
    fifo_s_init                              0x08004ad1   Thumb Code    22  fifo.o(i.fifo_s_init)
    fifo_s_puts                              0x08004ae7   Thumb Code   124  fifo.o(i.fifo_s_puts)
    fifo_s_used                              0x08004b63   Thumb Code     4  fifo.o(i.fifo_s_used)
    get_CRC16_check_sum                      0x08004b69   Thumb Code    38  crc8_crc16.o(i.get_CRC16_check_sum)
    get_CRC8_check_sum                       0x08004b95   Thumb Code    24  crc8_crc16.o(i.get_CRC8_check_sum)
    init_referee_struct_data                 0x08004bb1   Thumb Code   102  referee.o(i.init_referee_struct_data)
    main                                     0x08004c21   Thumb Code    66  main.o(i.main)
    mode_choose                              0x08004c71   Thumb Code   122  mode_task.o(i.mode_choose)
    mode_choose_task                         0x08004d0d   Thumb Code    12  mode_task.o(i.mode_choose_task)
    oled_show_task                           0x08004d19   Thumb Code    90  oled_task.o(i.oled_show_task)
    osDelay                                  0x08004d89   Thumb Code    14  cmsis_os.o(i.osDelay)
    osKernelStart                            0x08004d97   Thumb Code    10  cmsis_os.o(i.osKernelStart)
    osThreadCreate                           0x08004da1   Thumb Code    84  cmsis_os.o(i.osThreadCreate)
    push_motor_speed                         0x08005141   Thumb Code    72  shoot_speed_control.o(i.push_motor_speed)
    pvPortMalloc                             0x080051a1   Thumb Code   216  heap_4.o(i.pvPortMalloc)
    pxPortInitialiseStack                    0x0800527d   Thumb Code    40  port.o(i.pxPortInitialiseStack)
    rc2StepMotor                             0x080052a9   Thumb Code   138  step_motor_task.o(i.rc2StepMotor)
    referee_data_solve                       0x0800534d   Thumb Code   282  referee.o(i.referee_data_solve)
    referee_send_task                        0x08005471   Thumb Code    20  referee_send_task.o(i.referee_send_task)
    referee_usart_task                       0x0800558d   Thumb Code    44  referee_usart_task.o(i.referee_usart_task)
    remote_control_init                      0x080055c1   Thumb Code    12  remote_control.o(i.remote_control_init)
    shoot_motor_speed                        0x08005685   Thumb Code    42  shoot_speed_control.o(i.shoot_motor_speed)
    shoot_speed_limit                        0x080056bd   Thumb Code    90  shoot_speed_control.o(i.shoot_speed_limit)
    shoot_speed_task                         0x0800572d   Thumb Code    66  shoot_speed_control.o(i.shoot_speed_task)
    usart6_init                              0x0800577d   Thumb Code   160  bsp_usart.o(i.usart6_init)
    usart6_tx_dma_enable                     0x08005835   Thumb Code    88  bsp_usart.o(i.usart6_tx_dma_enable)
    user_pid_Calc                            0x08005899   Thumb Code    86  user_pid.o(i.user_pid_Calc)
    user_pid_Init                            0x08005901   Thumb Code    84  user_pid.o(i.user_pid_Init)
    uxListRemove                             0x08005965   Thumb Code    38  list.o(i.uxListRemove)
    vApplicationGetIdleTaskMemory            0x0800598d   Thumb Code    16  freertos.o(i.vApplicationGetIdleTaskMemory)
    vListInitialise                          0x080059a1   Thumb Code    22  list.o(i.vListInitialise)
    vListInitialiseItem                      0x080059b7   Thumb Code     6  list.o(i.vListInitialiseItem)
    vListInsert                              0x080059bd   Thumb Code    48  list.o(i.vListInsert)
    vListInsertEnd                           0x080059ed   Thumb Code    24  list.o(i.vListInsertEnd)
    vPortEnterCritical                       0x08005a05   Thumb Code    54  port.o(i.vPortEnterCritical)
    vPortExitCritical                        0x08005a45   Thumb Code    34  port.o(i.vPortExitCritical)
    vPortFree                                0x08005a6d   Thumb Code    94  heap_4.o(i.vPortFree)
    vPortSetupTimerInterrupt                 0x08005ad1   Thumb Code    32  port.o(i.vPortSetupTimerInterrupt)
    vTaskDelay                               0x08005af5   Thumb Code    66  tasks.o(i.vTaskDelay)
    vTaskStartScheduler                      0x08005b41   Thumb Code    90  tasks.o(i.vTaskStartScheduler)
    vTaskSuspendAll                          0x08005bad   Thumb Code    10  tasks.o(i.vTaskSuspendAll)
    vTaskSwitchContext                       0x08005bbd   Thumb Code    82  tasks.o(i.vTaskSwitchContext)
    verify_CRC16_check_sum                   0x08005c19   Thumb Code    54  crc8_crc16.o(i.verify_CRC16_check_sum)
    verify_CRC8_check_sum                    0x08005c55   Thumb Code    38  crc8_crc16.o(i.verify_CRC8_check_sum)
    xPortStartScheduler                      0x08005c7d   Thumb Code   222  port.o(i.xPortStartScheduler)
    xTaskCreate                              0x08005d71   Thumb Code    90  tasks.o(i.xTaskCreate)
    xTaskCreateStatic                        0x08005dcb   Thumb Code    86  tasks.o(i.xTaskCreateStatic)
    xTaskIncrementTick                       0x08005e21   Thumb Code   194  tasks.o(i.xTaskIncrementTick)
    xTaskResumeAll                           0x08005eed   Thumb Code   182  tasks.o(i.xTaskResumeAll)
    _get_lc_numeric                          0x08005fb1   Thumb Code    44  lc_numeric_c.o(locale$$code)
    __fpl_dretinf                            0x08005fdd   Thumb Code    12  dretinf.o(x$fpl$dretinf)
    __aeabi_f2d                              0x08005fe9   Thumb Code     0  f2d.o(x$fpl$f2d)
    _f2d                                     0x08005fe9   Thumb Code    86  f2d.o(x$fpl$f2d)
    __fpl_fnaninf                            0x0800603f   Thumb Code   140  fnaninf.o(x$fpl$fnaninf)
    _fp_init                                 0x080060cb   Thumb Code    10  fpinit.o(x$fpl$fpinit)
    __fplib_config_fpu_vfp                   0x080060d3   Thumb Code     0  fpinit.o(x$fpl$fpinit)
    __fplib_config_pureend_doubles           0x080060d3   Thumb Code     0  fpinit.o(x$fpl$fpinit)
    _printf_fp_dec                           0x080060d5   Thumb Code     4  printf1.o(x$fpl$printf1)
    __I$use$fp                               0x080060d8   Number         0  usenofp.o(x$fpl$usenofp)
    AHBPrescTable                            0x08006188   Data          16  system_stm32f4xx.o(.constdata)
    APBPrescTable                            0x08006198   Data           8  system_stm32f4xx.o(.constdata)
    CRC8_TAB_UI                              0x080061a0   Data         256  bsp_referee_sent.o(.constdata)
    wCRC_Table_UI                            0x080062a0   Data         512  bsp_referee_sent.o(.constdata)
    asc2_1206                                0x080064a0   Data        1140  oled.o(.constdata)
    asc2_1608                                0x08006914   Data        1520  oled.o(.constdata)
    asc2_2412                                0x08006f04   Data        3420  oled.o(.constdata)
    CRC8_table                               0x08007c60   Data         256  crc8_crc16.o(.constdata)
    wCRC_table                               0x08007d60   Data         512  crc8_crc16.o(.constdata)
    Region$$Table$$Base                      0x08008040   Number         0  anon$$obj.o(Region$$Table)
    Region$$Table$$Limit                     0x08008060   Number         0  anon$$obj.o(Region$$Table)
    defaultTaskHandle                        0x20000000   Data           4  freertos.o(.data)
    shootTaskHandle                          0x20000004   Data           4  freertos.o(.data)
    modeTaskHandle                           0x20000008   Data           4  freertos.o(.data)
    OLEDTaskHandle                           0x2000000c   Data           4  freertos.o(.data)
    RefereeSendTaskHandle                    0x20000010   Data           4  freertos.o(.data)
    uwTickFreq                               0x20000014   Data           1  stm32f4xx_hal.o(.data)
    uwTickPrio                               0x20000018   Data           4  stm32f4xx_hal.o(.data)
    uwTick                                   0x2000001c   Data           4  stm32f4xx_hal.o(.data)
    SystemCoreClock                          0x20000020   Data           4  system_stm32f4xx.o(.data)
    UI_Seq                                   0x20000024   Data           1  bsp_referee_sent.o(.data)
    shoot_speed_flag                         0x20000034   Data           1  shoot_speed_control.o(.data)
    shoot_speed_set                          0x20000038   Data           4  shoot_speed_control.o(.data)
    shoot_last_speed                         0x2000003c   Data           4  shoot_speed_control.o(.data)
    push_speed_set                           0x20000040   Data           4  shoot_speed_control.o(.data)
    ShootMotor1PID                           0x20000044   Data          12  user_pid.o(.data)
    ShootMotor2PID                           0x20000050   Data          12  user_pid.o(.data)
    PushMotorPID                             0x2000005c   Data          12  user_pid.o(.data)
    shoot_speed_count_flag                   0x20000068   Data           1  mode_task.o(.data)
    game_result                              0x20000069   Data           1  referee.o(.data)
    buff_musk_t                              0x2000006a   Data           1  referee.o(.data)
    robot_hurt_t                             0x2000006b   Data           1  referee.o(.data)
    bullet_remaining_t                       0x2000006c   Data           1  referee.o(.data)
    referee_warning_t                        0x2000006d   Data           2  referee.o(.data)
    robot_energy_t                           0x2000006f   Data           2  referee.o(.data)
    game_state                               0x20000071   Data           3  referee.o(.data)
    supply_projectile_booking_t              0x20000074   Data           3  referee.o(.data)
    field_event                              0x20000077   Data           4  referee.o(.data)
    supply_projectile_action_t               0x2000007b   Data           4  referee.o(.data)
    referee_receive_header                   0x2000007f   Data           5  referee.o(.data)
    referee_send_header                      0x20000084   Data           5  referee.o(.data)
    shoot_data_t                             0x20000089   Data           6  referee.o(.data)
    Data                                     0x20000092   Data           2  oled.o(.data)
    Hzk1                                     0x20000094   Data         352  oled.o(.data)
    Hzk2                                     0x200001f4   Data         216  oled.o(.data)
    Hzk3                                     0x200002cc   Data         512  oled.o(.data)
    Hzk4                                     0x200004cc   Data        4096  oled.o(.data)
    pxCurrentTCB                             0x200014cc   Data           4  tasks.o(.data)
    CRC16_INIT                               0x20001534   Data           2  crc8_crc16.o(.data)
    hcan1                                    0x2000178c   Data          40  can.o(.bss)
    hspi2                                    0x200017b4   Data          88  spi.o(.bss)
    htim1                                    0x2000180c   Data          72  tim.o(.bss)
    htim8                                    0x20001854   Data          72  tim.o(.bss)
    huart3                                   0x2000189c   Data          68  usart.o(.bss)
    huart6                                   0x200018e0   Data          68  usart.o(.bss)
    hdma_usart3_rx                           0x20001924   Data          96  usart.o(.bss)
    hdma_usart6_rx                           0x20001984   Data          96  usart.o(.bss)
    hdma_usart6_tx                           0x200019e4   Data          96  usart.o(.bss)
    htim2                                    0x20001a44   Data          72  stm32f4xx_hal_timebase_tim.o(.bss)
    rc_ctrl                                  0x20001a8c   Data          22  remote_control.o(.bss)
    motor_chassis                            0x20001aec   Data          70  can_receive.o(.bss)
    ShootMotor1                              0x20001b4c   Data          80  user_pid.o(.bss)
    ShootMotor2                              0x20001b9c   Data          80  user_pid.o(.bss)
    PushMotor                                0x20001bec   Data          80  user_pid.o(.bss)
    game_robot_HP_t                          0x20001c3c   Data          28  referee.o(.bss)
    robot_state                              0x20001c58   Data          15  referee.o(.bss)
    power_heat_data_t                        0x20001c67   Data          14  referee.o(.bss)
    game_robot_pos_t                         0x20001c75   Data          16  referee.o(.bss)
    student_interactive_data_t               0x20001c85   Data          12  referee.o(.bss)
    usart6_buf                               0x20001c94   Data        1024  referee_usart_task.o(.bss)
    referee_fifo                             0x20002094   Data          24  referee_usart_task.o(.bss)
    referee_fifo_buf                         0x200020ac   Data        1024  referee_usart_task.o(.bss)
    referee_unpack_obj                       0x200024ac   Data         137  referee_usart_task.o(.bss)
    OLED_GRAM                                0x20002535   Data        1152  oled.o(.bss)
    __libspace_start                         0x200066a8   Data          96  libspace.o(.bss)
    __temporary_stack_top$libspace           0x20006708   Data           0  libspace.o(.bss)



==============================================================================

Memory Map of the image

  Image Entry point : 0x08000189

  Load Region LR_IROM1 (Base: 0x08000000, Size: 0x000095b4, Max: 0x00100000, ABSOLUTE, COMPRESSED[0x0000825c])

    Execution Region ER_IROM1 (Exec base: 0x08000000, Load base: 0x08000000, Size: 0x0000807c, Max: 0x00100000, ABSOLUTE)

    Exec Addr    Load Addr    Size         Type   Attr      Idx    E Section Name        Object

    0x08000000   0x08000000   0x00000188   Data   RO            3    RESET               startup_stm32f407xx.o
    0x08000188   0x08000188   0x00000008   Code   RO         6439  * !!!main             c_w.l(__main.o)
    0x08000190   0x08000190   0x00000034   Code   RO         6715    !!!scatter          c_w.l(__scatter.o)
    0x080001c4   0x080001c4   0x0000005a   Code   RO         6713    !!dczerorl2         c_w.l(__dczerorl2.o)
    0x0800021e   0x0800021e   0x00000002   PAD
    0x08000220   0x08000220   0x0000001c   Code   RO         6717    !!handler_zi        c_w.l(__scatter_zi.o)
    0x0800023c   0x0800023c   0x00000000   Code   RO         6426    .ARM.Collect$$_printf_percent$$00000000  c_w.l(_printf_percent.o)
    0x0800023c   0x0800023c   0x00000006   Code   RO         6425    .ARM.Collect$$_printf_percent$$00000003  c_w.l(_printf_f.o)
    0x08000242   0x08000242   0x00000004   Code   RO         6483    .ARM.Collect$$_printf_percent$$00000017  c_w.l(_printf_percent_end.o)
    0x08000246   0x08000246   0x00000002   Code   RO         6650    .ARM.Collect$$libinit$$00000000  c_w.l(libinit.o)
    0x08000248   0x08000248   0x00000004   Code   RO         6486    .ARM.Collect$$libinit$$00000001  c_w.l(libinit2.o)
    0x0800024c   0x0800024c   0x00000000   Code   RO         6489    .ARM.Collect$$libinit$$00000004  c_w.l(libinit2.o)
    0x0800024c   0x0800024c   0x00000000   Code   RO         6492    .ARM.Collect$$libinit$$0000000A  c_w.l(libinit2.o)
    0x0800024c   0x0800024c   0x00000000   Code   RO         6494    .ARM.Collect$$libinit$$0000000C  c_w.l(libinit2.o)
    0x0800024c   0x0800024c   0x00000000   Code   RO         6496    .ARM.Collect$$libinit$$0000000E  c_w.l(libinit2.o)
    0x0800024c   0x0800024c   0x00000006   Code   RO         6497    .ARM.Collect$$libinit$$0000000F  c_w.l(libinit2.o)
    0x08000252   0x08000252   0x00000000   Code   RO         6499    .ARM.Collect$$libinit$$00000011  c_w.l(libinit2.o)
    0x08000252   0x08000252   0x00000000   Code   RO         6501    .ARM.Collect$$libinit$$00000013  c_w.l(libinit2.o)
    0x08000252   0x08000252   0x00000000   Code   RO         6503    .ARM.Collect$$libinit$$00000015  c_w.l(libinit2.o)
    0x08000252   0x08000252   0x0000000a   Code   RO         6504    .ARM.Collect$$libinit$$00000016  c_w.l(libinit2.o)
    0x0800025c   0x0800025c   0x00000000   Code   RO         6505    .ARM.Collect$$libinit$$00000017  c_w.l(libinit2.o)
    0x0800025c   0x0800025c   0x00000000   Code   RO         6507    .ARM.Collect$$libinit$$00000019  c_w.l(libinit2.o)
    0x0800025c   0x0800025c   0x00000000   Code   RO         6509    .ARM.Collect$$libinit$$0000001B  c_w.l(libinit2.o)
    0x0800025c   0x0800025c   0x00000000   Code   RO         6511    .ARM.Collect$$libinit$$0000001D  c_w.l(libinit2.o)
    0x0800025c   0x0800025c   0x00000000   Code   RO         6513    .ARM.Collect$$libinit$$0000001F  c_w.l(libinit2.o)
    0x0800025c   0x0800025c   0x00000000   Code   RO         6515    .ARM.Collect$$libinit$$00000021  c_w.l(libinit2.o)
    0x0800025c   0x0800025c   0x00000000   Code   RO         6517    .ARM.Collect$$libinit$$00000023  c_w.l(libinit2.o)
    0x0800025c   0x0800025c   0x00000000   Code   RO         6519    .ARM.Collect$$libinit$$00000025  c_w.l(libinit2.o)
    0x0800025c   0x0800025c   0x00000000   Code   RO         6523    .ARM.Collect$$libinit$$0000002C  c_w.l(libinit2.o)
    0x0800025c   0x0800025c   0x00000000   Code   RO         6525    .ARM.Collect$$libinit$$0000002E  c_w.l(libinit2.o)
    0x0800025c   0x0800025c   0x00000000   Code   RO         6527    .ARM.Collect$$libinit$$00000030  c_w.l(libinit2.o)
    0x0800025c   0x0800025c   0x00000000   Code   RO         6529    .ARM.Collect$$libinit$$00000032  c_w.l(libinit2.o)
    0x0800025c   0x0800025c   0x00000002   Code   RO         6530    .ARM.Collect$$libinit$$00000033  c_w.l(libinit2.o)
    0x0800025e   0x0800025e   0x00000002   Code   RO         6710    .ARM.Collect$$libshutdown$$00000000  c_w.l(libshutdown.o)
    0x08000260   0x08000260   0x00000000   Code   RO         6666    .ARM.Collect$$libshutdown$$00000002  c_w.l(libshutdown2.o)
    0x08000260   0x08000260   0x00000000   Code   RO         6668    .ARM.Collect$$libshutdown$$00000004  c_w.l(libshutdown2.o)
    0x08000260   0x08000260   0x00000000   Code   RO         6670    .ARM.Collect$$libshutdown$$00000006  c_w.l(libshutdown2.o)
    0x08000260   0x08000260   0x00000000   Code   RO         6673    .ARM.Collect$$libshutdown$$00000009  c_w.l(libshutdown2.o)
    0x08000260   0x08000260   0x00000000   Code   RO         6676    .ARM.Collect$$libshutdown$$0000000C  c_w.l(libshutdown2.o)
    0x08000260   0x08000260   0x00000000   Code   RO         6678    .ARM.Collect$$libshutdown$$0000000E  c_w.l(libshutdown2.o)
    0x08000260   0x08000260   0x00000000   Code   RO         6681    .ARM.Collect$$libshutdown$$00000011  c_w.l(libshutdown2.o)
    0x08000260   0x08000260   0x00000002   Code   RO         6682    .ARM.Collect$$libshutdown$$00000012  c_w.l(libshutdown2.o)
    0x08000262   0x08000262   0x00000000   Code   RO         6447    .ARM.Collect$$rtentry$$00000000  c_w.l(__rtentry.o)
    0x08000262   0x08000262   0x00000000   Code   RO         6542    .ARM.Collect$$rtentry$$00000002  c_w.l(__rtentry2.o)
    0x08000262   0x08000262   0x00000006   Code   RO         6554    .ARM.Collect$$rtentry$$00000004  c_w.l(__rtentry4.o)
    0x08000268   0x08000268   0x00000000   Code   RO         6544    .ARM.Collect$$rtentry$$00000009  c_w.l(__rtentry2.o)
    0x08000268   0x08000268   0x00000004   Code   RO         6545    .ARM.Collect$$rtentry$$0000000A  c_w.l(__rtentry2.o)
    0x0800026c   0x0800026c   0x00000000   Code   RO         6547    .ARM.Collect$$rtentry$$0000000C  c_w.l(__rtentry2.o)
    0x0800026c   0x0800026c   0x00000008   Code   RO         6548    .ARM.Collect$$rtentry$$0000000D  c_w.l(__rtentry2.o)
    0x08000274   0x08000274   0x00000002   Code   RO         6653    .ARM.Collect$$rtexit$$00000000  c_w.l(rtexit.o)
    0x08000276   0x08000276   0x00000000   Code   RO         6686    .ARM.Collect$$rtexit$$00000002  c_w.l(rtexit2.o)
    0x08000276   0x08000276   0x00000004   Code   RO         6687    .ARM.Collect$$rtexit$$00000003  c_w.l(rtexit2.o)
    0x0800027a   0x0800027a   0x00000006   Code   RO         6688    .ARM.Collect$$rtexit$$00000004  c_w.l(rtexit2.o)
    0x08000280   0x08000280   0x000000be   Code   RO         5982    .emb_text           port.o
    0x0800033e   0x0800033e   0x00000002   PAD
    0x08000340   0x08000340   0x00000040   Code   RO            4    .text               startup_stm32f407xx.o
    0x08000380   0x08000380   0x000000ee   Code   RO         6397    .text               c_w.l(lludivv7m.o)
    0x0800046e   0x0800046e   0x00000002   PAD
    0x08000470   0x08000470   0x00000028   Code   RO         6401    .text               c_w.l(noretval__2sprintf.o)
    0x08000498   0x08000498   0x0000010e   Code   RO         6413    .text               c_w.l(__printf_wp.o)
    0x080005a6   0x080005a6   0x0000008a   Code   RO         6427    .text               c_w.l(rt_memcpy_v6.o)
    0x08000630   0x08000630   0x00000064   Code   RO         6429    .text               c_w.l(rt_memcpy_w.o)
    0x08000694   0x08000694   0x00000044   Code   RO         6433    .text               c_w.l(rt_memclr.o)
    0x080006d8   0x080006d8   0x0000004e   Code   RO         6435    .text               c_w.l(rt_memclr_w.o)
    0x08000726   0x08000726   0x00000006   Code   RO         6437    .text               c_w.l(heapauxi.o)
    0x0800072c   0x0800072c   0x0000041e   Code   RO         6477    .text               c_w.l(_printf_fp_dec.o)
    0x08000b4a   0x08000b4a   0x00000002   PAD
    0x08000b4c   0x08000b4c   0x00000030   Code   RO         6479    .text               c_w.l(_printf_char_common.o)
    0x08000b7c   0x08000b7c   0x0000000a   Code   RO         6481    .text               c_w.l(_sputc.o)
    0x08000b86   0x08000b86   0x00000002   PAD
    0x08000b88   0x08000b88   0x00000008   Code   RO         6538    .text               c_w.l(libspace.o)
    0x08000b90   0x08000b90   0x00000008   Code   RO         6561    .text               c_w.l(rt_locale_intlibspace.o)
    0x08000b98   0x08000b98   0x0000008a   Code   RO         6571    .text               c_w.l(lludiv10.o)
    0x08000c22   0x08000c22   0x00000002   PAD
    0x08000c24   0x08000c24   0x00000080   Code   RO         6573    .text               c_w.l(_printf_fp_infnan.o)
    0x08000ca4   0x08000ca4   0x000000e4   Code   RO         6577    .text               c_w.l(bigflt0.o)
    0x08000d88   0x08000d88   0x00000002   Code   RO         6620    .text               c_w.l(use_no_semi.o)
    0x08000d8a   0x08000d8a   0x00000000   Code   RO         6622    .text               c_w.l(indicate_semi.o)
    0x08000d8a   0x08000d8a   0x0000004a   Code   RO         6623    .text               c_w.l(sys_stackheap_outer.o)
    0x08000dd4   0x08000dd4   0x00000012   Code   RO         6629    .text               c_w.l(exit.o)
    0x08000de6   0x08000de6   0x00000002   PAD
    0x08000de8   0x08000de8   0x00000080   Code   RO         6639    .text               c_w.l(strcmpv7m.o)
    0x08000e68   0x08000e68   0x0000000c   Code   RO         6651    .text               c_w.l(sys_exit.o)
    0x08000e74   0x08000e74   0x0000003e   Code   RO         6580    CL$$btod_d2e        c_w.l(btod.o)
    0x08000eb2   0x08000eb2   0x00000046   Code   RO         6582    CL$$btod_d2e_denorm_low  c_w.l(btod.o)
    0x08000ef8   0x08000ef8   0x00000060   Code   RO         6581    CL$$btod_d2e_norm_op1  c_w.l(btod.o)
    0x08000f58   0x08000f58   0x00000338   Code   RO         6590    CL$$btod_div_common  c_w.l(btod.o)
    0x08001290   0x08001290   0x000000dc   Code   RO         6587    CL$$btod_e2e        c_w.l(btod.o)
    0x0800136c   0x0800136c   0x0000002a   Code   RO         6584    CL$$btod_ediv       c_w.l(btod.o)
    0x08001396   0x08001396   0x0000002a   Code   RO         6583    CL$$btod_emul       c_w.l(btod.o)
    0x080013c0   0x080013c0   0x00000244   Code   RO         6589    CL$$btod_mult_common  c_w.l(btod.o)
    0x08001604   0x08001604   0x00000002   Code   RO          591    i.BusFault_Handler  stm32f4xx_it.o
    0x08001606   0x08001606   0x00000002   PAD
    0x08001608   0x08001608   0x0000000c   Code   RO          592    i.CAN1_RX0_IRQHandler  stm32f4xx_it.o
    0x08001614   0x08001614   0x00000044   Code   RO         4129    i.CAN_cmd_Torpedo   can_receive.o
    0x08001658   0x08001658   0x000000f0   Code   RO         3958    i.Command_send      bsp_referee_sent.o
    0x08001748   0x08001748   0x0000000c   Code   RO          593    i.DMA1_Stream1_IRQHandler  stm32f4xx_it.o
    0x08001754   0x08001754   0x0000000c   Code   RO          594    i.DMA2_Stream1_IRQHandler  stm32f4xx_it.o
    0x08001760   0x08001760   0x0000000c   Code   RO          595    i.DMA2_Stream6_IRQHandler  stm32f4xx_it.o
    0x0800176c   0x0800176c   0x00000028   Code   RO         1447    i.DMA_CalcBaseAndBitshift  stm32f4xx_hal_dma.o
    0x08001794   0x08001794   0x00000054   Code   RO         1448    i.DMA_CheckFifoParam  stm32f4xx_hal_dma.o
    0x080017e8   0x080017e8   0x00000002   Code   RO          596    i.DebugMon_Handler  stm32f4xx_it.o
    0x080017ea   0x080017ea   0x00000004   Code   RO           13    i.Error_Handler     main.o
    0x080017ee   0x080017ee   0x00000002   PAD
    0x080017f0   0x080017f0   0x0000002c   Code   RO         3959    i.Get_CRC16_Check_Sum_UI  bsp_referee_sent.o
    0x0800181c   0x0800181c   0x0000001c   Code   RO         3960    i.Get_CRC8_Check_Sum_UI  bsp_referee_sent.o
    0x08001838   0x08001838   0x00000024   Code   RO          755    i.HAL_CAN_ActivateNotification  stm32f4xx_hal_can.o
    0x0800185c   0x0800185c   0x000000dc   Code   RO          756    i.HAL_CAN_AddTxMessage  stm32f4xx_hal_can.o
    0x08001938   0x08001938   0x0000010c   Code   RO          757    i.HAL_CAN_ConfigFilter  stm32f4xx_hal_can.o
    0x08001a44   0x08001a44   0x00000002   Code   RO          760    i.HAL_CAN_ErrorCallback  stm32f4xx_hal_can.o
    0x08001a46   0x08001a46   0x000000e8   Code   RO          763    i.HAL_CAN_GetRxMessage  stm32f4xx_hal_can.o
    0x08001b2e   0x08001b2e   0x000001fc   Code   RO          767    i.HAL_CAN_IRQHandler  stm32f4xx_hal_can.o
    0x08001d2a   0x08001d2a   0x0000011a   Code   RO          768    i.HAL_CAN_Init      stm32f4xx_hal_can.o
    0x08001e44   0x08001e44   0x00000078   Code   RO          382    i.HAL_CAN_MspInit   can.o
    0x08001ebc   0x08001ebc   0x00000002   Code   RO          775    i.HAL_CAN_RxFifo0FullCallback  stm32f4xx_hal_can.o
    0x08001ebe   0x08001ebe   0x00000002   PAD
    0x08001ec0   0x08001ec0   0x000000c0   Code   RO         4132    i.HAL_CAN_RxFifo0MsgPendingCallback  can_receive.o
    0x08001f80   0x08001f80   0x00000002   Code   RO          777    i.HAL_CAN_RxFifo1FullCallback  stm32f4xx_hal_can.o
    0x08001f82   0x08001f82   0x00000002   Code   RO          778    i.HAL_CAN_RxFifo1MsgPendingCallback  stm32f4xx_hal_can.o
    0x08001f84   0x08001f84   0x00000002   Code   RO          779    i.HAL_CAN_SleepCallback  stm32f4xx_hal_can.o
    0x08001f86   0x08001f86   0x00000002   PAD
    0x08001f88   0x08001f88   0x00000058   Code   RO          780    i.HAL_CAN_Start     stm32f4xx_hal_can.o
    0x08001fe0   0x08001fe0   0x00000002   Code   RO          782    i.HAL_CAN_TxMailbox0AbortCallback  stm32f4xx_hal_can.o
    0x08001fe2   0x08001fe2   0x00000002   Code   RO          783    i.HAL_CAN_TxMailbox0CompleteCallback  stm32f4xx_hal_can.o
    0x08001fe4   0x08001fe4   0x00000002   Code   RO          784    i.HAL_CAN_TxMailbox1AbortCallback  stm32f4xx_hal_can.o
    0x08001fe6   0x08001fe6   0x00000002   Code   RO          785    i.HAL_CAN_TxMailbox1CompleteCallback  stm32f4xx_hal_can.o
    0x08001fe8   0x08001fe8   0x00000002   Code   RO          786    i.HAL_CAN_TxMailbox2AbortCallback  stm32f4xx_hal_can.o
    0x08001fea   0x08001fea   0x00000002   Code   RO          787    i.HAL_CAN_TxMailbox2CompleteCallback  stm32f4xx_hal_can.o
    0x08001fec   0x08001fec   0x00000002   Code   RO          789    i.HAL_CAN_WakeUpFromRxMsgCallback  stm32f4xx_hal_can.o
    0x08001fee   0x08001fee   0x00000002   PAD
    0x08001ff0   0x08001ff0   0x000001a0   Code   RO         1455    i.HAL_DMA_IRQHandler  stm32f4xx_hal_dma.o
    0x08002190   0x08002190   0x000000d4   Code   RO         1456    i.HAL_DMA_Init      stm32f4xx_hal_dma.o
    0x08002264   0x08002264   0x00000024   Code   RO         1869    i.HAL_Delay         stm32f4xx_hal.o
    0x08002288   0x08002288   0x000001f0   Code   RO         1343    i.HAL_GPIO_Init     stm32f4xx_hal_gpio.o
    0x08002478   0x08002478   0x0000000a   Code   RO         1345    i.HAL_GPIO_ReadPin  stm32f4xx_hal_gpio.o
    0x08002482   0x08002482   0x0000000a   Code   RO         1347    i.HAL_GPIO_WritePin  stm32f4xx_hal_gpio.o
    0x0800248c   0x0800248c   0x0000000c   Code   RO         1875    i.HAL_GetTick       stm32f4xx_hal.o
    0x08002498   0x08002498   0x00000010   Code   RO         1881    i.HAL_IncTick       stm32f4xx_hal.o
    0x080024a8   0x080024a8   0x00000034   Code   RO         1882    i.HAL_Init          stm32f4xx_hal.o
    0x080024dc   0x080024dc   0x00000074   Code   RO          715    i.HAL_InitTick      stm32f4xx_hal_timebase_tim.o
    0x08002550   0x08002550   0x00000038   Code   RO          691    i.HAL_MspInit       stm32f4xx_hal_msp.o
    0x08002588   0x08002588   0x0000001a   Code   RO         1732    i.HAL_NVIC_EnableIRQ  stm32f4xx_hal_cortex.o
    0x080025a2   0x080025a2   0x00000002   PAD
    0x080025a4   0x080025a4   0x00000040   Code   RO         1738    i.HAL_NVIC_SetPriority  stm32f4xx_hal_cortex.o
    0x080025e4   0x080025e4   0x00000024   Code   RO         1739    i.HAL_NVIC_SetPriorityGrouping  stm32f4xx_hal_cortex.o
    0x08002608   0x08002608   0x00000134   Code   RO          989    i.HAL_RCC_ClockConfig  stm32f4xx_hal_rcc.o
    0x0800273c   0x0800273c   0x00000040   Code   RO          993    i.HAL_RCC_GetClockConfig  stm32f4xx_hal_rcc.o
    0x0800277c   0x0800277c   0x00000020   Code   RO          996    i.HAL_RCC_GetPCLK1Freq  stm32f4xx_hal_rcc.o
    0x0800279c   0x0800279c   0x00000020   Code   RO          997    i.HAL_RCC_GetPCLK2Freq  stm32f4xx_hal_rcc.o
    0x080027bc   0x080027bc   0x00000064   Code   RO          998    i.HAL_RCC_GetSysClockFreq  stm32f4xx_hal_rcc.o
    0x08002820   0x08002820   0x0000036c   Code   RO         1001    i.HAL_RCC_OscConfig  stm32f4xx_hal_rcc.o
    0x08002b8c   0x08002b8c   0x000000bc   Code   RO         2131    i.HAL_SPI_Init      stm32f4xx_hal_spi.o
    0x08002c48   0x08002c48   0x0000006c   Code   RO          448    i.HAL_SPI_MspInit   spi.o
    0x08002cb4   0x08002cb4   0x00000166   Code   RO         2139    i.HAL_SPI_Transmit  stm32f4xx_hal_spi.o
    0x08002e1a   0x08002e1a   0x00000002   Code   RO         3148    i.HAL_TIMEx_BreakCallback  stm32f4xx_hal_tim_ex.o
    0x08002e1c   0x08002e1c   0x00000002   Code   RO         3149    i.HAL_TIMEx_CommutCallback  stm32f4xx_hal_tim_ex.o
    0x08002e1e   0x08002e1e   0x00000054   Code   RO         3151    i.HAL_TIMEx_ConfigBreakDeadTime  stm32f4xx_hal_tim_ex.o
    0x08002e72   0x08002e72   0x00000002   PAD
    0x08002e74   0x08002e74   0x00000090   Code   RO         3167    i.HAL_TIMEx_MasterConfigSynchronization  stm32f4xx_hal_tim_ex.o
    0x08002f04   0x08002f04   0x0000005a   Code   RO         2444    i.HAL_TIM_Base_Init  stm32f4xx_hal_tim.o
    0x08002f5e   0x08002f5e   0x00000002   PAD
    0x08002f60   0x08002f60   0x00000040   Code   RO          490    i.HAL_TIM_Base_MspInit  tim.o
    0x08002fa0   0x08002fa0   0x00000080   Code   RO         2449    i.HAL_TIM_Base_Start_IT  stm32f4xx_hal_tim.o
    0x08003020   0x08003020   0x000000dc   Code   RO         2453    i.HAL_TIM_ConfigClockSource  stm32f4xx_hal_tim.o
    0x080030fc   0x080030fc   0x00000002   Code   RO         2478    i.HAL_TIM_IC_CaptureCallback  stm32f4xx_hal_tim.o
    0x080030fe   0x080030fe   0x00000166   Code   RO         2492    i.HAL_TIM_IRQHandler  stm32f4xx_hal_tim.o
    0x08003264   0x08003264   0x00000084   Code   RO          491    i.HAL_TIM_MspPostInit  tim.o
    0x080032e8   0x080032e8   0x00000002   Code   RO         2495    i.HAL_TIM_OC_DelayElapsedCallback  stm32f4xx_hal_tim.o
    0x080032ea   0x080032ea   0x000000cc   Code   RO         2516    i.HAL_TIM_PWM_ConfigChannel  stm32f4xx_hal_tim.o
    0x080033b6   0x080033b6   0x0000005a   Code   RO         2519    i.HAL_TIM_PWM_Init  stm32f4xx_hal_tim.o
    0x08003410   0x08003410   0x00000002   Code   RO         2521    i.HAL_TIM_PWM_MspInit  stm32f4xx_hal_tim.o
    0x08003412   0x08003412   0x00000002   Code   RO         2522    i.HAL_TIM_PWM_PulseFinishedCallback  stm32f4xx_hal_tim.o
    0x08003414   0x08003414   0x000000c8   Code   RO         2524    i.HAL_TIM_PWM_Start  stm32f4xx_hal_tim.o
    0x080034dc   0x080034dc   0x0000007c   Code   RO         2527    i.HAL_TIM_PWM_Stop  stm32f4xx_hal_tim.o
    0x08003558   0x08003558   0x0000000e   Code   RO           14    i.HAL_TIM_PeriodElapsedCallback  main.o
    0x08003566   0x08003566   0x00000002   Code   RO         2535    i.HAL_TIM_TriggerCallback  stm32f4xx_hal_tim.o
    0x08003568   0x08003568   0x00000062   Code   RO         3444    i.HAL_UART_Init     stm32f4xx_hal_uart.o
    0x080035ca   0x080035ca   0x00000002   PAD
    0x080035cc   0x080035cc   0x0000016c   Code   RO          544    i.HAL_UART_MspInit  usart.o
    0x08003738   0x08003738   0x00000002   Code   RO          597    i.HardFault_Handler  stm32f4xx_it.o
    0x0800373a   0x0800373a   0x00000002   PAD
    0x0800373c   0x0800373c   0x00000044   Code   RO          383    i.MX_CAN1_Init      can.o
    0x08003780   0x08003780   0x0000005c   Code   RO          423    i.MX_DMA_Init       dma.o
    0x080037dc   0x080037dc   0x00000094   Code   RO          299    i.MX_FREERTOS_Init  freertos.o
    0x08003870   0x08003870   0x00000150   Code   RO          275    i.MX_GPIO_Init      gpio.o
    0x080039c0   0x080039c0   0x00000044   Code   RO          449    i.MX_SPI2_Init      spi.o
    0x08003a04   0x08003a04   0x000000d0   Code   RO          492    i.MX_TIM1_Init      tim.o
    0x08003ad4   0x08003ad4   0x000000d0   Code   RO          493    i.MX_TIM8_Init      tim.o
    0x08003ba4   0x08003ba4   0x00000040   Code   RO          545    i.MX_USART3_UART_Init  usart.o
    0x08003be4   0x08003be4   0x00000038   Code   RO          546    i.MX_USART6_UART_Init  usart.o
    0x08003c1c   0x08003c1c   0x00000002   Code   RO          598    i.MemManage_Handler  stm32f4xx_it.o
    0x08003c1e   0x08003c1e   0x00000002   Code   RO          599    i.NMI_Handler       stm32f4xx_it.o
    0x08003c20   0x08003c20   0x0000002c   Code   RO         4605    i.OLED_Clear        oled.o
    0x08003c4c   0x08003c4c   0x00000020   Code   RO         4606    i.OLED_ClearPoint   oled.o
    0x08003c6c   0x08003c6c   0x0000008e   Code   RO         4612    i.OLED_DrawLine     oled.o
    0x08003cfa   0x08003cfa   0x00000002   PAD
    0x08003cfc   0x08003cfc   0x0000001c   Code   RO         4613    i.OLED_DrawPoint    oled.o
    0x08003d18   0x08003d18   0x000001cc   Code   RO         4615    i.OLED_Init         oled.o
    0x08003ee4   0x08003ee4   0x0000004c   Code   RO         4618    i.OLED_Refresh      oled.o
    0x08003f30   0x08003f30   0x000000ac   Code   RO         4620    i.OLED_ShowChar     oled.o
    0x08003fdc   0x08003fdc   0x0000003c   Code   RO         4622    i.OLED_ShowFNum     oled.o
    0x08004018   0x08004018   0x00000040   Code   RO         4625    i.OLED_ShowString   oled.o
    0x08004058   0x08004058   0x0000005c   Code   RO         4627    i.OLED_WR_Byte      oled.o
    0x080040b4   0x080040b4   0x00000154   Code   RO         4559    i.PID_calc          pid.o
    0x08004208   0x08004208   0x00000064   Code   RO         4561    i.PID_init          pid.o
    0x0800426c   0x0800426c   0x00000060   Code   RO         3810    i.RC_init           bsp_rc.o
    0x080042cc   0x080042cc   0x00000058   Code   RO         2169    i.SPI_EndRxTxTransaction  stm32f4xx_hal_spi.o
    0x08004324   0x08004324   0x000000b8   Code   RO         2174    i.SPI_WaitFlagStateUntilTimeout  stm32f4xx_hal_spi.o
    0x080043dc   0x080043dc   0x00000008   Code   RO          300    i.StartDefaultTask  freertos.o
    0x080043e4   0x080043e4   0x0000002c   Code   RO         5983    i.SysTick_Handler   port.o
    0x08004410   0x08004410   0x00000094   Code   RO           15    i.SystemClock_Config  main.o
    0x080044a4   0x080044a4   0x00000010   Code   RO         3773    i.SystemInit        system_stm32f4xx.o
    0x080044b4   0x080044b4   0x0000000c   Code   RO          600    i.TIM2_IRQHandler   stm32f4xx_it.o
    0x080044c0   0x080044c0   0x000000c8   Code   RO         2537    i.TIM_Base_SetConfig  stm32f4xx_hal_tim.o
    0x08004588   0x08004588   0x0000001a   Code   RO         2538    i.TIM_CCxChannelCmd  stm32f4xx_hal_tim.o
    0x080045a2   0x080045a2   0x00000014   Code   RO         2548    i.TIM_ETR_SetConfig  stm32f4xx_hal_tim.o
    0x080045b6   0x080045b6   0x00000008   Code   RO         3904    i.TIM_Freq_Set      bsp_stepmotor.o
    0x080045be   0x080045be   0x00000010   Code   RO         2549    i.TIM_ITRx_SetConfig  stm32f4xx_hal_tim.o
    0x080045ce   0x080045ce   0x00000002   PAD
    0x080045d0   0x080045d0   0x00000060   Code   RO         2550    i.TIM_OC1_SetConfig  stm32f4xx_hal_tim.o
    0x08004630   0x08004630   0x0000006c   Code   RO         2551    i.TIM_OC2_SetConfig  stm32f4xx_hal_tim.o
    0x0800469c   0x0800469c   0x00000068   Code   RO         2552    i.TIM_OC3_SetConfig  stm32f4xx_hal_tim.o
    0x08004704   0x08004704   0x00000050   Code   RO         2553    i.TIM_OC4_SetConfig  stm32f4xx_hal_tim.o
    0x08004754   0x08004754   0x00000022   Code   RO         2555    i.TIM_TI1_ConfigInputStage  stm32f4xx_hal_tim.o
    0x08004776   0x08004776   0x00000024   Code   RO         2557    i.TIM_TI2_ConfigInputStage  stm32f4xx_hal_tim.o
    0x0800479a   0x0800479a   0x00000002   PAD
    0x0800479c   0x0800479c   0x0000010c   Code   RO         3470    i.UART_SetConfig    stm32f4xx_hal_uart.o
    0x080048a8   0x080048a8   0x0000001c   Code   RO         3961    i.UI_SendByte       bsp_referee_sent.o
    0x080048c4   0x080048c4   0x000000b4   Code   RO         4052    i.USART3_IRQHandler  remote_control.o
    0x08004978   0x08004978   0x00000094   Code   RO         4485    i.USART6_IRQHandler  referee_usart_task.o
    0x08004a0c   0x08004a0c   0x00000002   Code   RO          603    i.UsageFault_Handler  stm32f4xx_it.o
    0x08004a0e   0x08004a0e   0x00000030   Code   RO         6618    i.__ARM_fpclassify  m_wm.l(fpclassify.o)
    0x08004a3e   0x08004a3e   0x00000020   Code   RO         1745    i.__NVIC_SetPriority  stm32f4xx_hal_cortex.o
    0x08004a5e   0x08004a5e   0x0000000e   Code   RO         6415    i._is_digit         c_w.l(__printf_wp.o)
    0x08004a6c   0x08004a6c   0x00000038   Code   RO         3933    i.can_filter_init   bsp_can.o
    0x08004aa4   0x08004aa4   0x0000002c   Code   RO         6140    i.fifo_s_get        fifo.o
    0x08004ad0   0x08004ad0   0x00000016   Code   RO         6143    i.fifo_s_init       fifo.o
    0x08004ae6   0x08004ae6   0x0000007c   Code   RO         6149    i.fifo_s_puts       fifo.o
    0x08004b62   0x08004b62   0x00000004   Code   RO         6151    i.fifo_s_used       fifo.o
    0x08004b66   0x08004b66   0x00000002   PAD
    0x08004b68   0x08004b68   0x0000002c   Code   RO         6064    i.get_CRC16_check_sum  crc8_crc16.o
    0x08004b94   0x08004b94   0x0000001c   Code   RO         6065    i.get_CRC8_check_sum  crc8_crc16.o
    0x08004bb0   0x08004bb0   0x00000070   Code   RO         4428    i.init_referee_struct_data  referee.o
    0x08004c20   0x08004c20   0x00000042   Code   RO           16    i.main              main.o
    0x08004c62   0x08004c62   0x0000000c   Code   RO         5548    i.makeFreeRtosPriority  cmsis_os.o
    0x08004c6e   0x08004c6e   0x00000002   PAD
    0x08004c70   0x08004c70   0x0000009c   Code   RO         4383    i.mode_choose       mode_task.o
    0x08004d0c   0x08004d0c   0x0000000c   Code   RO         4384    i.mode_choose_task  mode_task.o
    0x08004d18   0x08004d18   0x00000070   Code   RO         4324    i.oled_show_task    oled_task.o
    0x08004d88   0x08004d88   0x0000000e   Code   RO         5550    i.osDelay           cmsis_os.o
    0x08004d96   0x08004d96   0x0000000a   Code   RO         5553    i.osKernelStart     cmsis_os.o
    0x08004da0   0x08004da0   0x00000054   Code   RO         5587    i.osThreadCreate    cmsis_os.o
    0x08004df4   0x08004df4   0x00000070   Code   RO         5230    i.prvAddCurrentTaskToDelayedList  tasks.o
    0x08004e64   0x08004e64   0x000000d0   Code   RO         5231    i.prvAddNewTaskToReadyList  tasks.o
    0x08004f34   0x08004f34   0x00000034   Code   RO         5232    i.prvDeleteTCB      tasks.o
    0x08004f68   0x08004f68   0x0000004c   Code   RO         5915    i.prvHeapInit       heap_4.o
    0x08004fb4   0x08004fb4   0x00000060   Code   RO         5233    i.prvIdleTask       tasks.o
    0x08005014   0x08005014   0x00000098   Code   RO         5234    i.prvInitialiseNewTask  tasks.o
    0x080050ac   0x080050ac   0x0000004c   Code   RO         5916    i.prvInsertBlockIntoFreeList  heap_4.o
    0x080050f8   0x080050f8   0x00000020   Code   RO         5235    i.prvResetNextTaskUnblockTime  tasks.o
    0x08005118   0x08005118   0x00000028   Code   RO         5984    i.prvTaskExitError  port.o
    0x08005140   0x08005140   0x00000060   Code   RO         4206    i.push_motor_speed  shoot_speed_control.o
    0x080051a0   0x080051a0   0x000000dc   Code   RO         5917    i.pvPortMalloc      heap_4.o
    0x0800527c   0x0800527c   0x0000002c   Code   RO         5985    i.pxPortInitialiseStack  port.o
    0x080052a8   0x080052a8   0x000000a4   Code   RO         4101    i.rc2StepMotor      step_motor_task.o
    0x0800534c   0x0800534c   0x00000124   Code   RO         4429    i.referee_data_solve  referee.o
    0x08005470   0x08005470   0x00000018   Code   RO         4524    i.referee_send_task  referee_send_task.o
    0x08005488   0x08005488   0x00000104   Code   RO         4486    i.referee_unpack_fifo_data  referee_usart_task.o
    0x0800558c   0x0800558c   0x00000034   Code   RO         4487    i.referee_usart_task  referee_usart_task.o
    0x080055c0   0x080055c0   0x00000010   Code   RO         4054    i.remote_control_init  remote_control.o
    0x080055d0   0x080055d0   0x000000b4   Code   RO         4055    i.sbus_to_rc        remote_control.o
    0x08005684   0x08005684   0x00000038   Code   RO         4207    i.shoot_motor_speed  shoot_speed_control.o
    0x080056bc   0x080056bc   0x00000070   Code   RO         4208    i.shoot_speed_limit  shoot_speed_control.o
    0x0800572c   0x0800572c   0x00000050   Code   RO         4209    i.shoot_speed_task  shoot_speed_control.o
    0x0800577c   0x0800577c   0x000000b8   Code   RO         4017    i.usart6_init       bsp_usart.o
    0x08005834   0x08005834   0x00000064   Code   RO         4018    i.usart6_tx_dma_enable  bsp_usart.o
    0x08005898   0x08005898   0x00000068   Code   RO         4283    i.user_pid_Calc     user_pid.o
    0x08005900   0x08005900   0x00000064   Code   RO         4284    i.user_pid_Init     user_pid.o
    0x08005964   0x08005964   0x00000026   Code   RO         4866    i.uxListRemove      list.o
    0x0800598a   0x0800598a   0x00000002   PAD
    0x0800598c   0x0800598c   0x00000014   Code   RO          301    i.vApplicationGetIdleTaskMemory  freertos.o
    0x080059a0   0x080059a0   0x00000016   Code   RO         4867    i.vListInitialise   list.o
    0x080059b6   0x080059b6   0x00000006   Code   RO         4868    i.vListInitialiseItem  list.o
    0x080059bc   0x080059bc   0x00000030   Code   RO         4869    i.vListInsert       list.o
    0x080059ec   0x080059ec   0x00000018   Code   RO         4870    i.vListInsertEnd    list.o
    0x08005a04   0x08005a04   0x00000040   Code   RO         5987    i.vPortEnterCritical  port.o
    0x08005a44   0x08005a44   0x00000028   Code   RO         5988    i.vPortExitCritical  port.o
    0x08005a6c   0x08005a6c   0x00000064   Code   RO         5918    i.vPortFree         heap_4.o
    0x08005ad0   0x08005ad0   0x00000024   Code   RO         5989    i.vPortSetupTimerInterrupt  port.o
    0x08005af4   0x08005af4   0x0000004c   Code   RO         5244    i.vTaskDelay        tasks.o
    0x08005b40   0x08005b40   0x0000006c   Code   RO         5257    i.vTaskStartScheduler  tasks.o
    0x08005bac   0x08005bac   0x00000010   Code   RO         5259    i.vTaskSuspendAll   tasks.o
    0x08005bbc   0x08005bbc   0x0000005c   Code   RO         5260    i.vTaskSwitchContext  tasks.o
    0x08005c18   0x08005c18   0x0000003c   Code   RO         6066    i.verify_CRC16_check_sum  crc8_crc16.o
    0x08005c54   0x08005c54   0x00000026   Code   RO         6067    i.verify_CRC8_check_sum  crc8_crc16.o
    0x08005c7a   0x08005c7a   0x00000002   PAD
    0x08005c7c   0x08005c7c   0x000000f4   Code   RO         5991    i.xPortStartScheduler  port.o
    0x08005d70   0x08005d70   0x0000005a   Code   RO         5263    i.xTaskCreate       tasks.o
    0x08005dca   0x08005dca   0x00000056   Code   RO         5264    i.xTaskCreateStatic  tasks.o
    0x08005e20   0x08005e20   0x000000cc   Code   RO         5271    i.xTaskIncrementTick  tasks.o
    0x08005eec   0x08005eec   0x000000c4   Code   RO         5277    i.xTaskResumeAll    tasks.o
    0x08005fb0   0x08005fb0   0x0000002c   Code   RO         6603    locale$$code        c_w.l(lc_numeric_c.o)
    0x08005fdc   0x08005fdc   0x0000000c   Code   RO         6531    x$fpl$dretinf       fz_wm.l(dretinf.o)
    0x08005fe8   0x08005fe8   0x00000056   Code   RO         6441    x$fpl$f2d           fz_wm.l(f2d.o)
    0x0800603e   0x0800603e   0x0000008c   Code   RO         6533    x$fpl$fnaninf       fz_wm.l(fnaninf.o)
    0x080060ca   0x080060ca   0x0000000a   Code   RO         6614    x$fpl$fpinit        fz_wm.l(fpinit.o)
    0x080060d4   0x080060d4   0x00000004   Code   RO         6443    x$fpl$printf1       fz_wm.l(printf1.o)
    0x080060d8   0x080060d8   0x00000000   Code   RO         6535    x$fpl$usenofp       fz_wm.l(usenofp.o)
    0x080060d8   0x080060d8   0x000000a8   Data   RO          303    .constdata          freertos.o
    0x08006180   0x08006180   0x00000008   Data   RO         1462    .constdata          stm32f4xx_hal_dma.o
    0x08006188   0x08006188   0x00000010   Data   RO         3774    .constdata          system_stm32f4xx.o
    0x08006198   0x08006198   0x00000008   Data   RO         3775    .constdata          system_stm32f4xx.o
    0x080061a0   0x080061a0   0x00000300   Data   RO         3963    .constdata          bsp_referee_sent.o
    0x080064a0   0x080064a0   0x000017c0   Data   RO         4629    .constdata          oled.o
    0x08007c60   0x08007c60   0x00000300   Data   RO         6069    .constdata          crc8_crc16.o
    0x08007f60   0x08007f60   0x00000094   Data   RO         6578    .constdata          c_w.l(bigflt0.o)
    0x08007ff4   0x08007ff4   0x0000004a   Data   RO          304    .conststring        freertos.o
    0x0800803e   0x0800803e   0x00000002   PAD
    0x08008040   0x08008040   0x00000020   Data   RO         6711    Region$$Table       anon$$obj.o
    0x08008060   0x08008060   0x0000001c   Data   RO         6602    locale$$data        c_w.l(lc_numeric_c.o)


    Execution Region RW_IRAM2 (Exec base: 0x10000000, Load base: 0x0800825c, Size: 0x00000000, Max: 0x00010000, ABSOLUTE)

    **** No section assigned to this execution region ****


    Execution Region RW_IRAM1 (Exec base: 0x20000000, Load base: 0x0800807c, Size: 0x00006d08, Max: 0x00020000, ABSOLUTE, COMPRESSED[0x000001e0])

    Exec Addr    Load Addr    Size         Type   Attr      Idx    E Section Name        Object

    0x20000000   COMPRESSED   0x00000014   Data   RW          305    .data               freertos.o
    0x20000014   COMPRESSED   0x0000000c   Data   RW         1889    .data               stm32f4xx_hal.o
    0x20000020   COMPRESSED   0x00000004   Data   RW         3776    .data               system_stm32f4xx.o
    0x20000024   COMPRESSED   0x00000001   Data   RW         3965    .data               bsp_referee_sent.o
    0x20000025   COMPRESSED   0x00000001   PAD
    0x20000026   COMPRESSED   0x00000002   Data   RW         4057    .data               remote_control.o
    0x20000028   COMPRESSED   0x0000000c   Data   RW         4138    .data               can_receive.o
    0x20000034   COMPRESSED   0x00000010   Data   RW         4210    .data               shoot_speed_control.o
    0x20000044   COMPRESSED   0x00000024   Data   RW         4286    .data               user_pid.o
    0x20000068   COMPRESSED   0x00000001   Data   RW         4385    .data               mode_task.o
    0x20000069   COMPRESSED   0x00000026   Data   RW         4431    .data               referee.o
    0x2000008f   COMPRESSED   0x00000001   PAD
    0x20000090   COMPRESSED   0x00000002   Data   RW         4489    .data               referee_usart_task.o
    0x20000092   COMPRESSED   0x0000143a   Data   RW         4630    .data               oled.o
    0x200014cc   COMPRESSED   0x0000003c   Data   RW         5280    .data               tasks.o
    0x20001508   COMPRESSED   0x00000020   Data   RW         5924    .data               heap_4.o
    0x20001528   COMPRESSED   0x0000000c   Data   RW         5992    .data               port.o
    0x20001534   COMPRESSED   0x00000002   Data   RW         6070    .data               crc8_crc16.o
    0x20001536   COMPRESSED   0x00000002   PAD
    0x20001538        -       0x00000254   Zero   RW          302    .bss                freertos.o
    0x2000178c        -       0x00000028   Zero   RW          384    .bss                can.o
    0x200017b4        -       0x00000058   Zero   RW          450    .bss                spi.o
    0x2000180c        -       0x00000090   Zero   RW          494    .bss                tim.o
    0x2000189c        -       0x000001a8   Zero   RW          547    .bss                usart.o
    0x20001a44        -       0x00000048   Zero   RW          718    .bss                stm32f4xx_hal_timebase_tim.o
    0x20001a8c        -       0x0000005e   Zero   RW         4056    .bss                remote_control.o
    0x20001aea   COMPRESSED   0x00000002   PAD
    0x20001aec        -       0x00000060   Zero   RW         4137    .bss                can_receive.o
    0x20001b4c        -       0x000000f0   Zero   RW         4285    .bss                user_pid.o
    0x20001c3c        -       0x00000055   Zero   RW         4430    .bss                referee.o
    0x20001c91   COMPRESSED   0x00000003   PAD
    0x20001c94        -       0x000008a1   Zero   RW         4488    .bss                referee_usart_task.o
    0x20002535        -       0x00000480   Zero   RW         4628    .bss                oled.o
    0x200029b5   COMPRESSED   0x00000003   PAD
    0x200029b8        -       0x000000f0   Zero   RW         5279    .bss                tasks.o
    0x20002aa8        -       0x00003c00   Zero   RW         5923    .bss                heap_4.o
    0x200066a8        -       0x00000060   Zero   RW         6539    .bss                c_w.l(libspace.o)
    0x20006708        -       0x00000200   Zero   RW            2    HEAP                startup_stm32f407xx.o
    0x20006908        -       0x00000400   Zero   RW            1    STACK               startup_stm32f407xx.o


==============================================================================

Image component sizes


      Code (inc. data)   RO Data    RW Data    ZI Data      Debug   Object Name

        56          4          0          0          0        554   bsp_can.o
        96         12          0          0          0     593786   bsp_rc.o
       340         30        768          1          0      11543   bsp_referee_sent.o
         8          0          0          0          0        959   bsp_stepmotor.o
       284         36          0          0          0       1657   bsp_usart.o
       188         22          0          0         40       1709   can.o
       260         32          0         12         96       4114   can_receive.o
       120          0          0          0          0      23329   cmsis_os.o
       170         16        768          2          0       3755   crc8_crc16.o
        92          4          0          0          0        834   dma.o
         0          0          0          0          0      16920   event_groups.o
       194          0          0          0          0       8561   fifo.o
       176         12        242         20        596       8586   freertos.o
       336         24          0          0          0       1195   gpio.o
       472         24          0         32      15360       7439   heap_4.o
       138          0          0          0          0       3562   list.o
       232          8          0          0          0     740664   main.o
       168         34          0          1          0       1362   mode_task.o
      1170        106       6080       5178       1152       8639   oled.o
       112         22          0          0          0        537   oled_task.o
       440          8          0          0          0       2010   pid.o
       702         72          0         12          0      11020   port.o
       404         20          0         38         85       2999   referee.o
        24          4          0          0          0        532   referee_send_task.o
       460         46          0          2       2209       3027   referee_usart_task.o
       376         28          0          2         94       4144   remote_control.o
       344         74          0         16          0       2649   shoot_speed_control.o
       176         22          0          0         88       1701   spi.o
        64         26        392          0       1536        848   startup_stm32f407xx.o
       164         26          0          0          0       1059   step_motor_task.o
       116         18          0         12          0       8738   stm32f4xx_hal.o
      1658          6          0          0          0      14323   stm32f4xx_hal_can.o
       158         14          0          0          0      33170   stm32f4xx_hal_cortex.o
       752         16          8          0          0       4088   stm32f4xx_hal_dma.o
       516         46          0          0          0       2867   stm32f4xx_hal_gpio.o
        56          4          0          0          0        874   stm32f4xx_hal_msp.o
      1412         86          0          0          0       5917   stm32f4xx_hal_rcc.o
       818         12          0          0          0       4622   stm32f4xx_hal_spi.o
      2144        146          0          0          0      17741   stm32f4xx_hal_tim.o
       232         28          0          0          0       3289   stm32f4xx_hal_tim_ex.o
       116         14          0          0         72       1431   stm32f4xx_hal_timebase_tim.o
       366         10          0          0          0       2008   stm32f4xx_hal_uart.o
        72         30          0          0          0       5187   stm32f4xx_it.o
         0          0          0          0          0        400   stream_buffer.o
        16          4         24          4          0       1139   system_stm32f4xx.o
      1520        112          0         60        240      19534   tasks.o
       612         52          0          0        144       3377   tim.o
       484         54          0          0        424       2704   usart.o
       204         34          0         36        240       1831   user_pid.o

    ----------------------------------------------------------------------
     19054       1398       8316       5432      22384    1602934   Object Totals
         0          0         32          0          0          0   (incl. Generated)
        36          0          2          4          8          0   (incl. Padding)

    ----------------------------------------------------------------------

      Code (inc. data)   RO Data    RW Data    ZI Data      Debug   Library Member Name

        90          0          0          0          0          0   __dczerorl2.o
         8          0          0          0          0         68   __main.o
       284          0          0          0          0        156   __printf_wp.o
         0          0          0          0          0          0   __rtentry.o
        12          0          0          0          0          0   __rtentry2.o
         6          0          0          0          0          0   __rtentry4.o
        52          8          0          0          0          0   __scatter.o
        28          0          0          0          0          0   __scatter_zi.o
        48          6          0          0          0         96   _printf_char_common.o
         6          0          0          0          0          0   _printf_f.o
      1054          0          0          0          0        216   _printf_fp_dec.o
       128         16          0          0          0         84   _printf_fp_infnan.o
         0          0          0          0          0          0   _printf_percent.o
         4          0          0          0          0          0   _printf_percent_end.o
        10          0          0          0          0         68   _sputc.o
       228          4        148          0          0         96   bigflt0.o
      1936        128          0          0          0        672   btod.o
        18          0          0          0          0         80   exit.o
         6          0          0          0          0        152   heapauxi.o
         0          0          0          0          0          0   indicate_semi.o
        44         10         28          0          0         76   lc_numeric_c.o
         2          0          0          0          0          0   libinit.o
        22          0          0          0          0          0   libinit2.o
         2          0          0          0          0          0   libshutdown.o
         2          0          0          0          0          0   libshutdown2.o
         8          4          0          0         96         68   libspace.o
       138          0          0          0          0         80   lludiv10.o
       238          0          0          0          0        100   lludivv7m.o
        40          6          0          0          0         84   noretval__2sprintf.o
         8          4          0          0          0         68   rt_locale_intlibspace.o
        68          0          0          0          0         68   rt_memclr.o
        78          0          0          0          0         80   rt_memclr_w.o
       138          0          0          0          0         68   rt_memcpy_v6.o
       100          0          0          0          0         80   rt_memcpy_w.o
         2          0          0          0          0          0   rtexit.o
        10          0          0          0          0          0   rtexit2.o
       128          0          0          0          0         68   strcmpv7m.o
        12          4          0          0          0         68   sys_exit.o
        74          0          0          0          0         80   sys_stackheap_outer.o
         2          0          0          0          0         68   use_no_semi.o
        12          0          0          0          0        116   dretinf.o
        86          4          0          0          0        132   f2d.o
       140          4          0          0          0        132   fnaninf.o
        10          0          0          0          0        116   fpinit.o
         4          0          0          0          0        116   printf1.o
         0          0          0          0          0          0   usenofp.o
        48          0          0          0          0        124   fpclassify.o

    ----------------------------------------------------------------------
      5346        198        176          0         96       3480   Library Totals
        12          0          0          0          0          0   (incl. Padding)

    ----------------------------------------------------------------------

      Code (inc. data)   RO Data    RW Data    ZI Data      Debug   Library Name

      5034        190        176          0         96       2744   c_w.l
       252          8          0          0          0        612   fz_wm.l
        48          0          0          0          0        124   m_wm.l

    ----------------------------------------------------------------------
      5346        198        176          0         96       3480   Library Totals

    ----------------------------------------------------------------------

==============================================================================


      Code (inc. data)   RO Data    RW Data    ZI Data      Debug   

     24400       1596       8492       5432      22480    1586306   Grand Totals
     24400       1596       8492        480      22480    1586306   ELF Image Totals (compressed)
     24400       1596       8492        480          0          0   ROM Totals

==============================================================================

    Total RO  Size (Code + RO Data)                32892 (  32.12kB)
    Total RW  Size (RW Data + ZI Data)             27912 (  27.26kB)
    Total ROM Size (Code + RO Data + RW Data)      33372 (  32.59kB)

==============================================================================

